2026.10.08 16:40:07 INFO  Started: Metals version 2.0.0-community-build.37809780703 in folders '/home/runner/work/metals-community-build/metals-community-build/workspaces/project/junit-jupiter-starter-bazel' for client Visual Studio Code 1.131.0.
2026.10.08 16:40:07 INFO  Memory monitor started
2026.10.08 16:40:08 WARN  Using H2 2.4.240 which is newer than the version Flyway has been verified with. The latest verified version of H2 is 2.3.232.
2026.10.08 16:40:08 INFO  mbt-v2: indexing 2 files
2026.10.08 16:40:09 WARN  compiler crashed due to an error in the Java compiler: com.sun.tools.javac.util.Abort, retrying with new compiler instance.
com.sun.tools.javac.util.Abort
	at com.sun.tools.javac.comp.TypeEnter$ImportsPhase.importJavaLang(TypeEnter.java:337)
	at com.sun.tools.javac.comp.TypeEnter$ImportsPhase.resolveImports(TypeEnter.java:388)
	at com.sun.tools.javac.comp.TypeEnter$ImportsPhase.runPhase(TypeEnter.java:324)
	at com.sun.tools.javac.comp.TypeEnter$Phase.doCompleteEnvs(TypeEnter.java:285)
	at com.sun.tools.javac.comp.TypeEnter$Phase.completeEnvs(TypeEnter.java:254)
	at com.sun.tools.javac.comp.TypeEnter.complete(TypeEnter.java:201)
	at scala.meta.internal.jpc.SafeTypeEnter.complete(SafeTypeEnter.java:41)
	at com.sun.tools.javac.code.Symbol.complete(Symbol.java:683)
	at com.sun.tools.javac.code.Symbol$ClassSymbol.complete(Symbol.java:1452)
	at com.sun.tools.javac.comp.Enter.complete(Enter.java:615)
	at scala.meta.internal.jpc.SafeEnter.complete(SafeEnter.java:71)
	at com.sun.tools.javac.comp.Enter.main(Enter.java:592)
	at com.sun.tools.javac.main.JavaCompiler.enterTrees(JavaCompiler.java:1072)
	at com.sun.tools.javac.api.JavacTaskImpl.enter(JavacTaskImpl.java:345)
	at com.sun.tools.javac.api.JavacTaskImpl.analyze(JavacTaskImpl.java:399)
	at scala.meta.internal.jpc.JavaSourceCompile.withAnalyzePhase(JavaSourceCompile.scala:63)
	at scala.meta.internal.jpc.JavaSemanticTokensProvider.semanticTokens(JavaSemanticTokensProvider.scala:26)
	at scala.meta.internal.jpc.JavaPresentationCompiler.$anonfun$semanticTokens$1(JavaPresentationCompiler.scala:159)
	at scala.meta.internal.jpc.JavaPresentationCompiler.$anonfun$request$1(JavaPresentationCompiler.scala:123)
	at scala.util.Either.map(Either.scala:390)
	at scala.meta.internal.pc.CompilerAccess.withSharedCompiler(CompilerAccess.scala:179)
	at scala.meta.internal.pc.CompilerAccess.$anonfun$withInterruptableCompiler$1(CompilerAccess.scala:118)
	at scala.meta.internal.pc.CompilerAccess.$anonfun$onCompilerJobQueue$1(CompilerAccess.scala:247)
	at scala.meta.internal.pc.CompilerJobQueue$Job.run(CompilerJobQueue.scala:157)
	at java.util.concurrent.ThreadPoolExecutor.runWorker(ThreadPoolExecutor.java:1144)
	at java.util.concurrent.ThreadPoolExecutor$Worker.run(ThreadPoolExecutor.java:642)
	at java.lang.Thread.run(Thread.java:1583)

2026.10.08 16:40:08 INFO  time: mbt-v2 loaded index for 2 files in 0.64s
2026.10.08 16:40:10 INFO  Running command: bazel info output_base
2026.10.08 16:40:14 INFO  time: ran 'bazel-info' in 3.65s
2026.10.08 16:40:14 INFO  Running command: bazel info bazel-bin
2026.10.08 16:40:16 INFO  time: ran 'bazel-info' in 2.36s
2026.10.08 16:40:16 INFO  Running command: bazel query --output=label --keep_going kind('scala_library|java_library|scala_binary|java_binary|scala_test|java_test|scala_import|java_import', set(//...))
2026.10.08 16:40:17 WARN  Loading: 0 packages loaded
2026.10.08 16:40:18 WARN  Loading: 0 packages loaded
2026.10.08 16:40:18 WARN      currently loading: 
2026.10.08 16:40:18 INFO  time: ran 'bazel-mbt-query' in 1.75s
2026.10.08 16:40:18 INFO  bazel-mbt: found 4 targets
2026.10.08 16:40:18 INFO  Running command: bazel query --output=xml --keep_going deps(set(//:junit-jupiter-starter-bazel //:junit-jupiter-starter-bazel-tests-test-deps-lib //:junit-jupiter-starter-bazel-tests-test-runtime-deps-lib //:src/test/java/com/example/project/CalculatorTests))
2026.10.08 16:40:18 WARN  Loading: 0 packages loaded
2026.10.08 16:40:19 WARN  Loading: 9 packages loaded
2026.10.08 16:40:19 WARN      currently loading: @@bazel_tools//tools/jdk ... (4 packages)
2026.10.08 16:40:19 WARN  Loading: 16 packages loaded
2026.10.08 16:40:19 WARN      currently loading: @@rules_jvm_external++maven+contrib_rules_jvm_deps//
2026.10.08 16:40:21 WARN  Loading: 33 packages loaded
2026.10.08 16:40:22 WARN  Loading: 35 packages loaded
2026.10.08 16:40:25 WARN  Loading: 35 packages loaded
2026.10.08 16:40:26 INFO  time: ran 'bazel-mbt-query' in 7.88s
2026.10.08 16:40:27 INFO  bazel-mbt: fetching 100 external dependency label(s) in 1 batch(es)
2026.10.08 16:40:27 INFO  Running command: bazel fetch --keep_going @bazel_tools//src/conditions:windows @bazel_tools//tools/build_defs/build_info/templates:non_volatile_file.properties.template @bazel_tools//tools/build_defs/build_info/templates:redacted_file.properties.template @bazel_tools//tools/build_defs/build_info/templates:volatile_file.properties.template @bazel_tools//tools/build_defs/build_info:java_build_info @bazel_tools//tools/genrule:genrule-setup.sh @bazel_tools//tools/jdk:TestRunner @bazel_tools//tools/jdk:current_java_toolchain @bazel_tools//tools/jdk:java_plugins_flag_alias @bazel_tools//tools/jdk:launcher_flag_alias @bazel_tools//tools/jdk:toolchain_type @bazel_tools//tools/launcher:launcher @bazel_tools//tools/test:collect_cc_coverage @bazel_tools//tools/test:collect_cc_coverage.sh @bazel_tools//tools/test:collect_coverage @bazel_tools//tools/test:collect_coverage.sh @bazel_tools//tools/test:coverage_report_generator @bazel_tools//tools/test:coverage_support @bazel_tools//tools/test:dummy.sh @bazel_tools//tools/test:generate-xml.sh @bazel_tools//tools/test:runtime @bazel_tools//tools/test:test-setup.sh @bazel_tools//tools/test:test_setup @bazel_tools//tools/test:test_wrapper @bazel_tools//tools/test:test_xml_generator @bazel_tools//tools/test:tw.exe @bazel_tools//tools/test:xml.exe @bazel_tools//tools/test:xml_writer @contrib_rules_jvm//java/src/com/github/bazel_contrib/contrib_rules_jvm/junit5/agent:AgentSystemExitToggle.java @contrib_rules_jvm//java/src/com/github/bazel_contrib/contrib_rules_jvm/junit5/agent:SystemExitAgent.java @contrib_rules_jvm//java/src/com/github/bazel_contrib/contrib_rules_jvm/junit5/agent:agent_core @contrib_rules_jvm//java/src/com/github/bazel_contrib/contrib_rules_jvm/junit5/agent:system-exit-agent_deploy.jar @contrib_rules_jvm//java/src/com/github/bazel_contrib/contrib_rules_jvm/junit5/agent:toggle @contrib_rules_jvm//java/src/com/github/bazel_contrib/contrib_rules_jvm/junit5:ActualRunner.java @contrib_rules_jvm//java/src/com/github/bazel_contrib/contrib_rules_jvm/junit5:BazelJUnitOutputListener.java @contrib_rules_jvm//java/src/com/github/bazel_contrib/contrib_rules_jvm/junit5:CloseableReadWriteLock.java @contrib_rules_jvm//java/src/com/github/bazel_contrib/contrib_rules_jvm/junit5:CommandLineSummary.java @contrib_rules_jvm//java/src/com/github/bazel_contrib/contrib_rules_jvm/junit5:EntryDetails.java @contrib_rules_jvm//java/src/com/github/bazel_contrib/contrib_rules_jvm/junit5:FailFastExtension.java @contrib_rules_jvm//java/src/com/github/bazel_contrib/contrib_rules_jvm/junit5:JUnit4Utils.java @contrib_rules_jvm//java/src/com/github/bazel_contrib/contrib_rules_jvm/junit5:JUnit5Runner.java @contrib_rules_jvm//java/src/com/github/bazel_contrib/contrib_rules_jvm/junit5:META-INF/services/org.junit.jupiter.api.extension.Extension @contrib_rules_jvm//java/src/com/github/bazel_contrib/contrib_rules_jvm/junit5:PatternFilter.java @contrib_rules_jvm//java/src/com/github/bazel_contrib/contrib_rules_jvm/junit5:RunsTest.java @contrib_rules_jvm//java/src/com/github/bazel_contrib/contrib_rules_jvm/junit5:SafeXml.java @contrib_rules_jvm//java/src/com/github/bazel_contrib/contrib_rules_jvm/junit5:StubbedTestDescriptor.java @contrib_rules_jvm//java/src/com/github/bazel_contrib/contrib_rules_jvm/junit5:SystemExitToggle.java @contrib_rules_jvm//java/src/com/github/bazel_contrib/contrib_rules_jvm/junit5:TestCaseXmlRenderer.java @contrib_rules_jvm//java/src/com/github/bazel_contrib/contrib_rules_jvm/junit5:TestData.java @contrib_rules_jvm//java/src/com/github/bazel_contrib/contrib_rules_jvm/junit5:TestSharding.java @contrib_rules_jvm//java/src/com/github/bazel_contrib/contrib_rules_jvm/junit5:TestSuiteXmlRenderer.java @contrib_rules_jvm//java/src/com/github/bazel_contrib/contrib_rules_jvm/junit5:__pkg__ @contrib_rules_jvm//java/src/com/github/bazel_contrib/contrib_rules_jvm/junit5:__subpackages__ @contrib_rules_jvm//java/src/com/github/bazel_contrib/contrib_rules_jvm/junit5:junit5 @contrib_rules_jvm//java/src/com/github/bazel_contrib/contrib_rules_jvm/junit5:junit5-compile @contrib_rules_jvm//java/src/com/github/bazel_contrib/contrib_rules_jvm/junit5:junit5-copy-file @contrib_rules_jvm//java/src/com/github/bazel_contrib/contrib_rules_jvm/junit5:system-exit-toggle @maven//:org_apiguardian_apiguardian_api @maven//:org_apiguardian_apiguardian_api_package_metadata @maven//:org_jspecify_jspecify @maven//:org_jspecify_jspecify_package_metadata @maven//:org_junit_jupiter_junit_jupiter_api @maven//:org_junit_jupiter_junit_jupiter_api_package_metadata @maven//:org_junit_jupiter_junit_jupiter_engine @maven//:org_junit_jupiter_junit_jupiter_engine_package_metadata @maven//:org_junit_jupiter_junit_jupiter_params @maven//:org_junit_jupiter_junit_jupiter_params_package_metadata @maven//:org_junit_platform_junit_platform_commons @maven//:org_junit_platform_junit_platform_commons_package_metadata @maven//:org_junit_platform_junit_platform_engine @maven//:org_junit_platform_junit_platform_engine_package_metadata @maven//:org_junit_platform_junit_platform_launcher @maven//:org_junit_platform_junit_platform_launcher_package_metadata @maven//:org_junit_platform_junit_platform_reporting @maven//:org_junit_platform_junit_platform_reporting_package_metadata @maven//:org_opentest4j_opentest4j @maven//:org_opentest4j_opentest4j_package_metadata @maven//:org_opentest4j_reporting_open_test_reporting_tooling_spi @maven//:org_opentest4j_reporting_open_test_reporting_tooling_spi_package_metadata @maven//:v1/https/repo1.maven.org/maven2/org/apiguardian/apiguardian-api/1.1.2/apiguardian-api-1.1.2.jar @maven//:v1/https/repo1.maven.org/maven2/org/jspecify/jspecify/1.0.0/jspecify-1.0.0.jar @maven//:v1/https/repo1.maven.org/maven2/org/junit/jupiter/junit-jupiter-api/6.1.3/junit-jupiter-api-6.1.3.jar @maven//:v1/https/repo1.maven.org/maven2/org/junit/jupiter/junit-jupiter-engine/6.1.3/junit-jupiter-engine-6.1.3.jar @maven//:v1/https/repo1.maven.org/maven2/org/junit/jupiter/junit-jupiter-params/6.1.3/junit-jupiter-params-6.1.3.jar @maven//:v1/https/repo1.maven.org/maven2/org/junit/platform/junit-platform-commons/6.1.3/junit-platform-commons-6.1.3.jar @maven//:v1/https/repo1.maven.org/maven2/org/junit/platform/junit-platform-engine/6.1.3/junit-platform-engine-6.1.3.jar @maven//:v1/https/repo1.maven.org/maven2/org/junit/platform/junit-platform-launcher/6.1.3/junit-platform-launcher-6.1.3.jar @maven//:v1/https/repo1.maven.org/maven2/org/junit/platform/junit-platform-reporting/6.1.3/junit-platform-reporting-6.1.3.jar @maven//:v1/https/repo1.maven.org/maven2/org/opentest4j/opentest4j/1.3.0/opentest4j-1.3.0.jar @maven//:v1/https/repo1.maven.org/maven2/org/opentest4j/reporting/open-test-reporting-tooling-spi/0.2.5/open-test-reporting-tooling-spi-0.2.5.jar @rules_java//:LICENSE @rules_java//:license @rules_java//java/bazel/rules:java_stub_template.txt @rules_java//toolchains:current_java_runtime @rules_java//toolchains:current_java_toolchain @rules_jvm_external//:LICENSE @rules_jvm_external//:license @rules_jvm_external//:package_metadata @rules_jvm_external//private/tools/java/com/github/bazelbuild/rules_jvm_external/jar:AddJarManifestEntry_deploy.jar @rules_jvm_external//settings:stamp_manifest
2026.10.08 16:40:27 WARN  Computing main repo mapping: 
2026.10.08 16:40:27 WARN  Loading: 
2026.10.08 16:40:27 WARN  Loading: 0 packages loaded
2026.10.08 16:40:27 WARN  WARNING: Target pattern parsing failed.
2026.10.08 16:40:27 WARN  ERROR: Skipping '@contrib_rules_jvm//java/src/com/github/bazel_contrib/contrib_rules_jvm/junit5:__pkg__': no such target '@@contrib_rules_jvm+//java/src/com/github/bazel_contrib/contrib_rules_jvm/junit5:__pkg__': target '__pkg__' not declared in package 'java/src/com/github/bazel_contrib/contrib_rules_jvm/junit5' defined by /home/runner/.bazel/external/contrib_rules_jvm+/java/src/com/github/bazel_contrib/contrib_rules_jvm/junit5/BUILD.bazel
2026.10.08 16:40:27 WARN  ERROR: Skipping '@contrib_rules_jvm//java/src/com/github/bazel_contrib/contrib_rules_jvm/junit5:__subpackages__': no such target '@@contrib_rules_jvm+//java/src/com/github/bazel_contrib/contrib_rules_jvm/junit5:__subpackages__': target '__subpackages__' not declared in package 'java/src/com/github/bazel_contrib/contrib_rules_jvm/junit5' defined by /home/runner/.bazel/external/contrib_rules_jvm+/java/src/com/github/bazel_contrib/contrib_rules_jvm/junit5/BUILD.bazel
2026.10.08 16:40:27 WARN  Analyzing: 98 targets (0 packages loaded, 0 targets configured)
2026.10.08 16:40:28 WARN  Analyzing: 98 targets (54 packages loaded, 93 targets configured)
2026.10.08 16:40:30 WARN  Analyzing: 98 targets (63 packages loaded, 97 targets configured)
2026.10.08 16:40:48 WARN  Analyzing: 98 targets (63 packages loaded, 97 targets configured)
2026.10.08 16:40:49 WARN  Analyzing: 98 targets (80 packages loaded, 3331 targets configured)
2026.10.08 16:40:50 WARN  Analyzing: 98 targets (87 packages loaded, 5042 targets configured)
2026.10.08 16:40:51 WARN  Analyzing: 98 targets (93 packages loaded, 5094 targets configured)
2026.10.08 16:40:52 WARN  Analyzing: 98 targets (96 packages loaded, 7385 targets configured)
2026.10.08 16:40:53 WARN  Analyzing: 98 targets (96 packages loaded, 7385 targets configured)
2026.10.08 16:40:54 WARN  Analyzing: 98 targets (96 packages loaded, 7385 targets configured)
2026.10.08 16:40:56 WARN  Analyzing: 98 targets (96 packages loaded, 7385 targets configured)
2026.10.08 16:40:57 WARN  Analyzing: 98 targets (97 packages loaded, 7514 targets configured)
2026.10.08 16:40:57 WARN  INFO: Analyzed 98 targets (98 packages loaded, 7687 targets configured).
2026.10.08 16:40:57 WARN  INFO: Found 98 targets...
2026.10.08 16:40:57 WARN  ERROR: command succeeded, but there were errors parsing the target pattern
2026.10.08 16:40:57 WARN  INFO: Elapsed time: 30.591s, Critical Path: 0.00s
2026.10.08 16:40:57 WARN  INFO: 0 processes.
2026.10.08 16:40:57 WARN  ERROR: Build did NOT complete successfully
2026.10.08 16:40:57 WARN  ERROR: Fetching some target dependencies failed with errors: command succeeded, but there were errors parsing the target pattern
2026.10.08 16:40:57 INFO  time: ran 'bazel-mbt-fetch' in 30s
2026.10.08 16:40:57 WARN  bazel-mbt: bazel fetch exited with code 2; some external jars may be missing from the imported classpath
2026.10.08 16:40:57 INFO  bazel-mbt: found maven hubs: 
2026.10.08 16:40:57 INFO  Found maven_install.json files: 
2026.10.08 16:40:57 ERROR No maven_install.json found. Make sure rules_jvm_external is configured and pinned. You might need to run `REPIN=1 bazel run @maven//:pin`.
2026.10.08 16:40:57 WARN  bazel-mbt: targets depend on external artifacts but no Maven dependency module was resolved; check that the rules_jvm_external lock file is pinned and that `bazel fetch` succeeded
2026.10.08 16:40:57 INFO  bazel-mbt: import targets: Set()
2026.10.08 16:40:57 INFO  Running command: bazel mod dump_repo_mapping 
2026.10.08 16:40:57 INFO  time: ran 'bazel-mod-dump-repo-mapping' in 0.39s
2026.10.08 16:40:58 INFO  mbt-import: wrote .metals/mbt.json
2026.10.08 16:40:57 INFO  Regenerating MBT json config to latest.
2026.10.08 16:40:59 INFO  Running command: /opt/hostedtoolcache/Java_Temurin-Hotspot_jdk/21.0.12-1/x64/bin/java -classpath /home/runner/.cache/coursier/v1/https/repo1.maven.org/maven2/org/virtuslab/bazel-bsp/4.0.3/bazel-bsp-4.0.3.jar:/home/runner/.cache/coursier/v1/https/repo1.maven.org/maven2/ch/epfl/scala/bsp4j/2.2.0-M2/bsp4j-2.2.0-M2.jar:/home/runner/.cache/coursier/v1/https/repo1.maven.org/maven2/com/fasterxml/jackson/core/jackson-annotations/2.18.2/jackson-annotations-2.18.2.jar:/home/runner/.cache/coursier/v1/https/repo1.maven.org/maven2/com/fasterxml/jackson/core/jackson-databind/2.18.2/jackson-databind-2.18.2.jar:/home/runner/.cache/coursier/v1/https/repo1.maven.org/maven2/com/fasterxml/jackson/dataformat/jackson-dataformat-xml/2.18.2/jackson-dataformat-xml-2.18.2.jar:/home/runner/.cache/coursier/v1/https/repo1.maven.org/maven2/com/fasterxml/jackson/module/jackson-module-kotlin/2.18.2/jackson-module-kotlin-2.18.2.jar:/home/runner/.cache/coursier/v1/https/repo1.maven.org/maven2/com/google/api/grpc/proto-google-common-protos/2.48.0/proto-google-common-protos-2.48.0.jar:/home/runner/.cache/coursier/v1/https/repo1.maven.org/maven2/com/google/code/findbugs/jsr305/3.0.2/jsr305-3.0.2.jar:/home/runner/.cache/coursier/v1/https/repo1.maven.org/maven2/com/google/code/gson/gson/2.12.1/gson-2.12.1.jar:/home/runner/.cache/coursier/v1/https/repo1.maven.org/maven2/com/google/errorprone/error_prone_annotations/2.36.0/error_prone_annotations-2.36.0.jar:/home/runner/.cache/coursier/v1/https/repo1.maven.org/maven2/com/google/guava/failureaccess/1.0.2/failureaccess-1.0.2.jar:/home/runner/.cache/coursier/v1/https/repo1.maven.org/maven2/com/google/guava/guava/33.3.1-android/guava-33.3.1-android.jar:/home/runner/.cache/coursier/v1/https/repo1.maven.org/maven2/com/google/j2objc/j2objc-annotations/3.0.0/j2objc-annotations-3.0.0.jar:/home/runner/.cache/coursier/v1/https/repo1.maven.org/maven2/com/google/protobuf/protobuf-java/4.29.3/protobuf-java-4.29.3.jar:/home/runner/.cache/coursier/v1/https/repo1.maven.org/maven2/commons-cli/commons-cli/1.9.0/commons-cli-1.9.0.jar:/home/runner/.cache/coursier/v1/https/repo1.maven.org/maven2/commons-io/commons-io/2.18.0/commons-io-2.18.0.jar:/home/runner/.cache/coursier/v1/https/repo1.maven.org/maven2/io/opentelemetry/semconv/opentelemetry-semconv/1.30.0-rc.1/opentelemetry-semconv-1.30.0-rc.1.jar:/home/runner/.cache/coursier/v1/https/repo1.maven.org/maven2/io/opentelemetry/opentelemetry-api/1.47.0/opentelemetry-api-1.47.0.jar:/home/runner/.cache/coursier/v1/https/repo1.maven.org/maven2/io/opentelemetry/opentelemetry-exporter-otlp/1.47.0/opentelemetry-exporter-otlp-1.47.0.jar:/home/runner/.cache/coursier/v1/https/repo1.maven.org/maven2/io/opentelemetry/opentelemetry-extension-kotlin/1.47.0/opentelemetry-extension-kotlin-1.47.0.jar:/home/runner/.cache/coursier/v1/https/repo1.maven.org/maven2/io/opentelemetry/opentelemetry-sdk-trace/1.47.0/opentelemetry-sdk-trace-1.47.0.jar:/home/runner/.cache/coursier/v1/https/repo1.maven.org/maven2/io/opentelemetry/opentelemetry-sdk/1.47.0/opentelemetry-sdk-1.47.0.jar:/home/runner/.cache/coursier/v1/https/repo1.maven.org/maven2/javax/annotation/javax.annotation-api/1.2/javax.annotation-api-1.2.jar:/home/runner/.cache/coursier/v1/https/repo1.maven.org/maven2/org/apache/logging/log4j/log4j-api/2.24.3/log4j-api-2.24.3.jar:/home/runner/.cache/coursier/v1/https/repo1.maven.org/maven2/org/apache/logging/log4j/log4j-core/2.24.3/log4j-core-2.24.3.jar:/home/runner/.cache/coursier/v1/https/repo1.maven.org/maven2/org/apache/velocity/velocity-engine-core/2.4.1/velocity-engine-core-2.4.1.jar:/home/runner/.cache/coursier/v1/https/repo1.maven.org/maven2/org/eclipse/lsp4j/org.eclipse.lsp4j.jsonrpc/0.24.0/org.eclipse.lsp4j.jsonrpc-0.24.0.jar:/home/runner/.cache/coursier/v1/https/repo1.maven.org/maven2/org/jetbrains/kotlinx/kotlinx-coroutines-core-jvm/1.9.0/kotlinx-coroutines-core-jvm-1.9.0.jar:/home/runner/.cache/coursier/v1/https/repo1.maven.org/maven2/org/jetbrains/kotlinx/kotlinx-coroutines-core/1.9.0/kotlinx-coroutines-core-1.9.0.jar:/home/runner/.cache/coursier/v1/https/repo1.maven.org/maven2/org/eclipse/lsp4j/org.eclipse.lsp4j.generator/0.20.1/org.eclipse.lsp4j.generator-0.20.1.jar:/home/runner/.cache/coursier/v1/https/repo1.maven.org/maven2/com/fasterxml/jackson/core/jackson-core/2.18.2/jackson-core-2.18.2.jar:/home/runner/.cache/coursier/v1/https/repo1.maven.org/maven2/org/codehaus/woodstox/stax2-api/4.2.2/stax2-api-4.2.2.jar:/home/runner/.cache/coursier/v1/https/repo1.maven.org/maven2/com/fasterxml/woodstox/woodstox-core/7.0.0/woodstox-core-7.0.0.jar:/home/runner/.cache/coursier/v1/https/repo1.maven.org/maven2/org/jetbrains/kotlin/kotlin-reflect/1.8.10/kotlin-reflect-1.8.10.jar:/home/runner/.cache/coursier/v1/https/repo1.maven.org/maven2/com/google/guava/listenablefuture/9999.0-empty-to-avoid-conflict-with-guava/listenablefuture-9999.0-empty-to-avoid-conflict-with-guava.jar:/home/runner/.cache/coursier/v1/https/repo1.maven.org/maven2/org/checkerframework/checker-qual/3.43.0/checker-qual-3.43.0.jar:/home/runner/.cache/coursier/v1/https/repo1.maven.org/maven2/io/opentelemetry/opentelemetry-context/1.47.0/opentelemetry-context-1.47.0.jar:/home/runner/.cache/coursier/v1/https/repo1.maven.org/maven2/io/opentelemetry/opentelemetry-sdk-metrics/1.47.0/opentelemetry-sdk-metrics-1.47.0.jar:/home/runner/.cache/coursier/v1/https/repo1.maven.org/maven2/io/opentelemetry/opentelemetry-sdk-logs/1.47.0/opentelemetry-sdk-logs-1.47.0.jar:/home/runner/.cache/coursier/v1/https/repo1.maven.org/maven2/io/opentelemetry/opentelemetry-exporter-otlp-common/1.47.0/opentelemetry-exporter-otlp-common-1.47.0.jar:/home/runner/.cache/coursier/v1/https/repo1.maven.org/maven2/io/opentelemetry/opentelemetry-exporter-sender-okhttp/1.47.0/opentelemetry-exporter-sender-okhttp-1.47.0.jar:/home/runner/.cache/coursier/v1/https/repo1.maven.org/maven2/io/opentelemetry/opentelemetry-sdk-extension-autoconfigure-spi/1.47.0/opentelemetry-sdk-extension-autoconfigure-spi-1.47.0.jar:/home/runner/.cache/coursier/v1/https/repo1.maven.org/maven2/org/jetbrains/kotlin/kotlin-stdlib/2.1.10/kotlin-stdlib-2.1.10.jar:/home/runner/.cache/coursier/v1/https/repo1.maven.org/maven2/io/opentelemetry/opentelemetry-sdk-common/1.47.0/opentelemetry-sdk-common-1.47.0.jar:/home/runner/.cache/coursier/v1/https/repo1.maven.org/maven2/org/apache/commons/commons-lang3/3.17.0/commons-lang3-3.17.0.jar:/home/runner/.cache/coursier/v1/https/repo1.maven.org/maven2/org/slf4j/slf4j-api/1.7.36/slf4j-api-1.7.36.jar:/home/runner/.cache/coursier/v1/https/repo1.maven.org/maven2/org/jetbrains/annotations/23.0.0/annotations-23.0.0.jar:/home/runner/.cache/coursier/v1/https/repo1.maven.org/maven2/org/eclipse/xtend/org.eclipse.xtend.lib/2.28.0/org.eclipse.xtend.lib-2.28.0.jar:/home/runner/.cache/coursier/v1/https/repo1.maven.org/maven2/io/opentelemetry/opentelemetry-exporter-common/1.47.0/opentelemetry-exporter-common-1.47.0.jar:/home/runner/.cache/coursier/v1/https/repo1.maven.org/maven2/com/squareup/okhttp3/okhttp/4.12.0/okhttp-4.12.0.jar:/home/runner/.cache/coursier/v1/https/repo1.maven.org/maven2/org/eclipse/xtext/org.eclipse.xtext.xbase.lib/2.28.0/org.eclipse.xtext.xbase.lib-2.28.0.jar:/home/runner/.cache/coursier/v1/https/repo1.maven.org/maven2/org/eclipse/xtend/org.eclipse.xtend.lib.macro/2.28.0/org.eclipse.xtend.lib.macro-2.28.0.jar:/home/runner/.cache/coursier/v1/https/repo1.maven.org/maven2/com/squareup/okio/okio/3.6.0/okio-3.6.0.jar:/home/runner/.cache/coursier/v1/https/repo1.maven.org/maven2/org/jetbrains/kotlin/kotlin-stdlib-jdk8/1.9.10/kotlin-stdlib-jdk8-1.9.10.jar:/home/runner/.cache/coursier/v1/https/repo1.maven.org/maven2/com/squareup/okio/okio-jvm/3.6.0/okio-jvm-3.6.0.jar:/home/runner/.cache/coursier/v1/https/repo1.maven.org/maven2/org/jetbrains/kotlin/kotlin-stdlib-jdk7/1.9.10/kotlin-stdlib-jdk7-1.9.10.jar:/home/runner/.cache/coursier/v1/https/repo1.maven.org/maven2/org/jetbrains/kotlin/kotlin-stdlib-common/1.9.10/kotlin-stdlib-common-1.9.10.jar org.jetbrains.bsp.bazel.install.Install -t //...
2026.10.08 16:41:00 INFO  Bazel BSP server installed in '/home/runner/work/metals-community-build/metals-community-build/workspaces/project/junit-jupiter-starter-bazel'.
2026.10.08 16:40:59 INFO  time: ran 'bazelbsp bspConfig' in 0.95s
2026.10.08 16:41:00 INFO  Tracing is disabled for protocol BSP. To enable tracing of incoming and outgoing JSON messages, create an empty file at /home/runner/work/metals-community-build/metals-community-build/workspaces/project/junit-jupiter-starter-bazel/.metals/bsp.trace.json or /home/runner/.cache/metals/bsp.trace.json
2026.10.08 16:41:00 INFO  Connected to Build server: MBT v2.0.0-community-build.37809780703
2026.10.08 16:41:01 WARN  Using H2 2.4.240 which is newer than the version Flyway has been verified with. The latest verified version of H2 is 2.3.232.
2026.10.08 16:41:09 INFO  Dependency modules empty, falling back to classpath jars
2026.10.08 16:41:09 INFO  time: indexed workspace in 9.65s
2026.10.08 16:41:11 INFO  Shutting down server
2026.10.08 16:41:11 INFO  Memory monitor stopped
2026.10.08 16:41:11 INFO  shutting down Metals
2026.10.08 16:41:11 INFO  Shut down connection with build server.
2026.10.08 16:41:11 INFO  Exiting server
