2026.10.08 16:39:52 INFO  Started: Metals version 2.0.0-community-build.37809780703 in folders '/home/runner/work/metals-community-build/metals-community-build/workspaces/project/junit-jupiter-starter-gradle' for client Visual Studio Code 1.131.0.
2026.10.08 16:39:52 INFO  Memory monitor started
2026.10.08 16:39:52 WARN  Using H2 2.4.240 which is newer than the version Flyway has been verified with. The latest verified version of H2 is 2.3.232.
2026.10.08 16:39:54 INFO  mbt-v2: indexing 2 files
2026.10.08 16:39:54 INFO  time: mbt-v2 loaded index for 2 files in 0.4s
2026.10.08 16:39:57 INFO  GradleInfoExtractor: Connected to the Gradle daemon
2026.10.08 16:39:57 INFO  GradleInfoExtractor: Setting Java home for the Gradle model builder: /opt/hostedtoolcache/Java_Temurin-Hotspot_jdk/21.0.12-1/x64
Fetching distribution.
Downloading https://services.gradle.org/distributions/gradle-9.8.0-bin.zip
................................................................................................................................................
2026.10.08 16:39:59 INFO  GradleInfoExtractor: Setting Java home for the Gradle model builder: /opt/hostedtoolcache/Java_Temurin-Hotspot_jdk/21.0.12-1/x64
2026.10.08 16:40:07 INFO  GradleInfoExtractor: Setting Java home for the Gradle model builder: /opt/hostedtoolcache/Java_Temurin-Hotspot_jdk/21.0.12-1/x64
2026.10.08 16:40:07 INFO  time: gradle-extractor extract in 13s
2026.10.08 16:40:07 INFO  mbt-import: wrote .metals/mbt.json
2026.10.08 16:40:08 INFO  Tracing is disabled for protocol BSP. To enable tracing of incoming and outgoing JSON messages, create an empty file at /home/runner/work/metals-community-build/metals-community-build/workspaces/project/junit-jupiter-starter-gradle/.metals/bsp.trace.json or /home/runner/.cache/metals/bsp.trace.json
2026.10.08 16:40:08 INFO  Connected to Build server: MBT v2.0.0-community-build.37809780703
2026.10.08 16:40:09 WARN  Using H2 2.4.240 which is newer than the version Flyway has been verified with. The latest verified version of H2 is 2.3.232.
2026.10.08 16:40:16 INFO  time: indexed workspace in 8.19s
2026.10.08 16:40:17 INFO  time: indexed workspace in 1.4s
2026.10.08 16:44:34 INFO  Shutting down server
2026.10.08 16:44:34 INFO  Memory monitor stopped
2026.10.08 16:44:34 INFO  shutting down Metals
2026.10.08 16:44:34 INFO  Shut down connection with build server.
2026.10.08 16:44:34 INFO  Exiting server
