2026.10.01 13:04:13 INFO  Started: Metals version 2.0.0-community-build.36865447355 in folders '/home/runner/work/metals-community-build/metals-community-build/workspaces/project' for client Visual Studio Code 1.131.0.
2026.10.01 13:04:13 INFO  Memory monitor started
2026.10.01 13:04:16 WARN  Using H2 2.4.240 which is newer than the version Flyway has been verified with. The latest verified version of H2 is 2.3.232.
2026.10.01 13:04:17 INFO  mbt-v2: indexing 8705 files
2026.10.01 13:04:20 INFO  GradleInfoExtractor: Connected to the Gradle daemon
2026.10.01 13:04:20 INFO  GradleInfoExtractor: Setting Java home for the Gradle model builder: /opt/hostedtoolcache/Java_Temurin-Hotspot_jdk/25.0.4-1/x64
Fetching distribution.
Downloading https://services.gradle.org/distributions/gradle-9.7.0-bin.zip
................................................................2026.10.01 13:04:26 INFO  time: mbt-v2 loaded index for 8705 files in 9.53s
...............................................................................
2026.10.01 13:04:29 INFO  GradleInfoExtractor: Setting Java home for the Gradle model builder: /opt/hostedtoolcache/Java_Temurin-Hotspot_jdk/25.0.4-1/x64
2026.10.01 13:10:21 INFO  GradleInfoExtractor: Setting Java home for the Gradle model builder: /opt/hostedtoolcache/Java_Temurin-Hotspot_jdk/25.0.4-1/x64
2026.10.01 13:10:22 INFO  GradleInfoExtractor: Setting Java home for the Gradle model builder: /opt/hostedtoolcache/Java_Temurin-Hotspot_jdk/25.0.4-1/x64
Fetching distribution.
Downloading https://services.gradle.org/distributions/gradle-9.5.1-bin.zip
.....................................................................................................................................
2026.10.01 13:10:53 INFO  GradleInfoExtractor: Setting Java home for the Gradle model builder: /opt/hostedtoolcache/Java_Temurin-Hotspot_jdk/25.0.4-1/x64
2026.10.01 13:10:53 WARN  Failed to extract modules from editable build /home/runner/work/metals-community-build/metals-community-build/workspaces/project/gradle/plugins
org.gradle.tooling.BuildException: Could not fetch model of type 'IdeaProject' using connection to Gradle distribution 'https://services.gradle.org/distributions/gradle-9.5.1-bin.zip'.
	at org.gradle.tooling.internal.consumer.ConnectionExceptionTransformer.transform(ConnectionExceptionTransformer.java:69)
	at org.gradle.tooling.internal.consumer.ResultHandlerAdapter.onFailure(ResultHandlerAdapter.java:42)
	at org.gradle.tooling.internal.consumer.async.DefaultAsyncConsumerActionExecutor$1$1.run(DefaultAsyncConsumerActionExecutor.java:68)
	at org.gradle.internal.concurrent.ExecutorPolicy$CatchAndRecordFailures.onExecute(ExecutorPolicy.java:64)
	at org.gradle.internal.concurrent.AbstractManagedExecutor$1.run(AbstractManagedExecutor.java:47)
	at java.util.concurrent.ThreadPoolExecutor.runWorker(ThreadPoolExecutor.java:1090)
	at java.util.concurrent.ThreadPoolExecutor$Worker.run(ThreadPoolExecutor.java:614)
	at java.lang.Thread.run(Thread.java:1474)
	at org.gradle.tooling.internal.consumer.BlockingResultHandler.getResult(BlockingResultHandler.java:46)
	at org.gradle.tooling.internal.consumer.DefaultModelBuilder.get(DefaultModelBuilder.java:50)
	at gradleinfo.GradleInfoExtractor$.$anonfun$fetchModel$3(GradleInfoExtractor.scala:342)
	at scala.util.Try$.apply(Try.scala:217)
	at gradleinfo.GradleInfoExtractor$.fetchModel(GradleInfoExtractor.scala:342)
	at gradleinfo.GradleInfoExtractor$.fetchIdeaModules(GradleInfoExtractor.scala:203)
	at gradleinfo.GradleInfoExtractor$.$anonfun$extractEditableBuildModules$5(GradleInfoExtractor.scala:160)
	at scala.Option.fold(Option.scala:263)
	at gradleinfo.GradleInfoExtractor$.extractEditableBuildModules(GradleInfoExtractor.scala:147)
	at gradleinfo.GradleInfoExtractor$.$anonfun$extract$3(GradleInfoExtractor.scala:79)
	at scala.collection.immutable.List.flatMap(List.scala:283)
	at scala.collection.immutable.List.flatMap(List.scala:79)
	at gradleinfo.GradleInfoExtractor$.extract(GradleInfoExtractor.scala:79)
	at gradleinfo.GradleInfoExtractorImpl.extract(GradleInfoExtractorImpl.scala:28)
	at scala.meta.internal.metals.mbt.importer.GradleMbtImporter.$anonfun$extract$1(GradleMbtImporter.scala:43)
	at scala.runtime.java8.JFunction0$mcV$sp.apply(JFunction0$mcV$sp.scala:18)
	at scala.concurrent.Future$.$anonfun$apply$1(Future.scala:691)
	at scala.concurrent.impl.Promise$Transformation.run(Promise.scala:500)
	at java.util.concurrent.ThreadPoolExecutor.runWorker(ThreadPoolExecutor.java:1090)
	at java.util.concurrent.ThreadPoolExecutor$Worker.run(ThreadPoolExecutor.java:614)
	at java.lang.Thread.run(Thread.java:1474)
Caused by: org.gradle.internal.exceptions.LocationAwareException: Settings file '/home/runner/work/metals-community-build/metals-community-build/workspaces/project/gradle/plugins/settings.gradle' line: 29
A problem occurred evaluating settings 'plugins'.
	at org.gradle.initialization.exception.DefaultExceptionAnalyser.transform(DefaultExceptionAnalyser.java:97)
	at org.gradle.initialization.exception.DefaultExceptionAnalyser.collectFailures(DefaultExceptionAnalyser.java:63)
	at org.gradle.initialization.exception.MultipleBuildFailuresExceptionAnalyser.transform(MultipleBuildFailuresExceptionAnalyser.java:56)
	at org.gradle.initialization.exception.StackTraceSanitizingExceptionAnalyser.transform(StackTraceSanitizingExceptionAnalyser.java:40)
	at org.gradle.internal.buildtree.DefaultBuildTreeFinishExecutor.finishBuildTree(DefaultBuildTreeFinishExecutor.java:56)
	at org.gradle.composite.internal.OperationFiringBuildTreeFinishExecutor$1.call(OperationFiringBuildTreeFinishExecutor.java:46)
	at org.gradle.composite.internal.OperationFiringBuildTreeFinishExecutor$1.call(OperationFiringBuildTreeFinishExecutor.java:42)
	at org.gradle.internal.operations.DefaultBuildOperationRunner$CallableBuildOperationWorker.execute(DefaultBuildOperationRunner.java:210)
	at org.gradle.internal.operations.DefaultBuildOperationRunner$CallableBuildOperationWorker.execute(DefaultBuildOperationRunner.java:205)
	at org.gradle.internal.operations.DefaultBuildOperationRunner$2.execute(DefaultBuildOperationRunner.java:67)
	at org.gradle.internal.operations.DefaultBuildOperationRunner$2.execute(DefaultBuildOperationRunner.java:60)
	at org.gradle.internal.operations.DefaultBuildOperationRunner.execute(DefaultBuildOperationRunner.java:167)
	at org.gradle.internal.operations.DefaultBuildOperationRunner.execute(DefaultBuildOperationRunner.java:60)
	at org.gradle.internal.operations.DefaultBuildOperationRunner.call(DefaultBuildOperationRunner.java:54)
	at org.gradle.composite.internal.OperationFiringBuildTreeFinishExecutor.finishBuildTree(OperationFiringBuildTreeFinishExecutor.java:42)
	at org.gradle.internal.buildtree.DefaultBuildTreeLifecycleController.lambda$runBuild$5(DefaultBuildTreeLifecycleController.java:126)
	at org.gradle.internal.model.StateTransitionController.lambda$transition$7(StateTransitionController.java:207)
	at org.gradle.internal.model.StateTransitionController.doTransition(StateTransitionController.java:304)
	at org.gradle.internal.model.StateTransitionController.lambda$transition$8(StateTransitionController.java:207)
	at org.gradle.internal.work.DefaultSynchronizer.withLock(DefaultSynchronizer.java:45)
	at org.gradle.internal.model.StateTransitionController.transition(StateTransitionController.java:207)
	at org.gradle.internal.buildtree.DefaultBuildTreeLifecycleController.runBuild(DefaultBuildTreeLifecycleController.java:118)
	at org.gradle.internal.buildtree.DefaultBuildTreeLifecycleController.fromBuildModel(DefaultBuildTreeLifecycleController.java:81)
	at org.gradle.tooling.internal.provider.runner.BuildModelActionRunner.run(BuildModelActionRunner.java:52)
	at org.gradle.launcher.exec.ChainingBuildActionRunner.run(ChainingBuildActionRunner.java:35)
	at org.gradle.internal.buildtree.ProblemReportingBuildActionRunner.run(ProblemReportingBuildActionRunner.java:54)
	at org.gradle.launcher.exec.BuildOutcomeReportingBuildActionRunner.run(BuildOutcomeReportingBuildActionRunner.java:83)
	at org.gradle.tooling.internal.provider.FileSystemWatchingBuildActionRunner.run(FileSystemWatchingBuildActionRunner.java:135)
	at org.gradle.launcher.exec.BuildCompletionNotifyingBuildActionRunner.run(BuildCompletionNotifyingBuildActionRunner.java:65)
	at org.gradle.launcher.exec.RootBuildLifecycleBuildActionExecutor.lambda$execute$0(RootBuildLifecycleBuildActionExecutor.java:101)
	at org.gradle.composite.internal.DefaultRootBuildState.run(DefaultRootBuildState.java:126)
	at org.gradle.launcher.exec.RootBuildLifecycleBuildActionExecutor.execute(RootBuildLifecycleBuildActionExecutor.java:101)
	at org.gradle.launcher.exec.BuildTreeLifecycleBuildActionExecutor.runRootBuildAction(BuildTreeLifecycleBuildActionExecutor.java:104)
	at org.gradle.launcher.exec.BuildTreeLifecycleBuildActionExecutor.execute(BuildTreeLifecycleBuildActionExecutor.java:74)
	at org.gradle.launcher.exec.RunAsBuildOperationBuildActionExecutor$2.call(RunAsBuildOperationBuildActionExecutor.java:65)
	at org.gradle.launcher.exec.RunAsBuildOperationBuildActionExecutor$2.call(RunAsBuildOperationBuildActionExecutor.java:61)
	at org.gradle.internal.operations.DefaultBuildOperationRunner$CallableBuildOperationWorker.execute(DefaultBuildOperationRunner.java:210)
	at org.gradle.internal.operations.DefaultBuildOperationRunner$CallableBuildOperationWorker.execute(DefaultBuildOperationRunner.java:205)
	at org.gradle.internal.operations.DefaultBuildOperationRunner$2.execute(DefaultBuildOperationRunner.java:67)
	at org.gradle.internal.operations.DefaultBuildOperationRunner$2.execute(DefaultBuildOperationRunner.java:60)
	at org.gradle.internal.operations.DefaultBuildOperationRunner.execute(DefaultBuildOperationRunner.java:167)
	at org.gradle.internal.operations.DefaultBuildOperationRunner.execute(DefaultBuildOperationRunner.java:60)
	at org.gradle.internal.operations.DefaultBuildOperationRunner.call(DefaultBuildOperationRunner.java:54)
	at org.gradle.launcher.exec.RunAsBuildOperationBuildActionExecutor.execute(RunAsBuildOperationBuildActionExecutor.java:61)
	at org.gradle.launcher.exec.RunAsWorkerThreadBuildActionExecutor.lambda$execute$0(RunAsWorkerThreadBuildActionExecutor.java:36)
	at org.gradle.internal.work.DefaultWorkerLeaseService.lambda$runAndReleaseLocks$0(DefaultWorkerLeaseService.java:300)
	at org.gradle.internal.work.ResourceLockStatistics$1.measure(ResourceLockStatistics.java:43)
	at org.gradle.internal.work.DefaultWorkerLeaseService.runAndReleaseLocks(DefaultWorkerLeaseService.java:298)
	at org.gradle.internal.work.DefaultWorkerLeaseService.withLocksAcquired(DefaultWorkerLeaseService.java:294)
	at org.gradle.internal.work.DefaultWorkerLeaseService.withLocks(DefaultWorkerLeaseService.java:286)
	at org.gradle.internal.work.DefaultWorkerLeaseService.runAsWorkerThread(DefaultWorkerLeaseService.java:130)
	at org.gradle.launcher.exec.RunAsWorkerThreadBuildActionExecutor.execute(RunAsWorkerThreadBuildActionExecutor.java:36)
	at org.gradle.tooling.internal.provider.continuous.ContinuousBuildActionExecutor.execute(ContinuousBuildActionExecutor.java:110)
	at org.gradle.tooling.internal.provider.SubscribableBuildActionExecutor.execute(SubscribableBuildActionExecutor.java:64)
	at org.gradle.internal.session.DefaultBuildSessionContext.execute(DefaultBuildSessionContext.java:46)
	at org.gradle.internal.buildprocess.execution.BuildSessionLifecycleBuildActionExecutor$ActionImpl.apply(BuildSessionLifecycleBuildActionExecutor.java:106)
	at org.gradle.internal.buildprocess.execution.BuildSessionLifecycleBuildActionExecutor$ActionImpl.apply(BuildSessionLifecycleBuildActionExecutor.java:94)
	at org.gradle.internal.session.BuildSessionState.run(BuildSessionState.java:73)
	at org.gradle.internal.buildprocess.execution.BuildSessionLifecycleBuildActionExecutor.execute(BuildSessionLifecycleBuildActionExecutor.java:67)
	at org.gradle.internal.buildprocess.execution.BuildSessionLifecycleBuildActionExecutor.execute(BuildSessionLifecycleBuildActionExecutor.java:45)
	at org.gradle.internal.buildprocess.execution.StartParamsValidatingActionExecutor.execute(StartParamsValidatingActionExecutor.java:57)
	at org.gradle.internal.buildprocess.execution.StartParamsValidatingActionExecutor.execute(StartParamsValidatingActionExecutor.java:32)
	at org.gradle.internal.buildprocess.execution.SessionFailureReportingActionExecutor.execute(SessionFailureReportingActionExecutor.java:51)
	at org.gradle.internal.buildprocess.execution.SessionFailureReportingActionExecutor.execute(SessionFailureReportingActionExecutor.java:39)
	at org.gradle.internal.buildprocess.execution.SetupLoggingActionExecutor.execute(SetupLoggingActionExecutor.java:47)
	at org.gradle.internal.buildprocess.execution.SetupLoggingActionExecutor.execute(SetupLoggingActionExecutor.java:31)
	at org.gradle.launcher.daemon.server.exec.ExecuteBuild.doBuild(ExecuteBuild.java:70)
	at org.gradle.launcher.daemon.server.exec.BuildCommandOnly.execute(BuildCommandOnly.java:37)
	at org.gradle.launcher.daemon.server.api.DaemonCommandExecution.proceed(DaemonCommandExecution.java:104)
	at org.gradle.launcher.daemon.server.exec.WatchForDisconnection.execute(WatchForDisconnection.java:39)
	at org.gradle.launcher.daemon.server.api.DaemonCommandExecution.proceed(DaemonCommandExecution.java:104)
	at org.gradle.launcher.daemon.server.exec.ResetDeprecationLogger.execute(ResetDeprecationLogger.java:29)
	at org.gradle.launcher.daemon.server.api.DaemonCommandExecution.proceed(DaemonCommandExecution.java:104)
	at org.gradle.launcher.daemon.server.exec.RequestStopIfSingleUsedDaemon.execute(RequestStopIfSingleUsedDaemon.java:35)
	at org.gradle.launcher.daemon.server.api.DaemonCommandExecution.proceed(DaemonCommandExecution.java:104)
	at org.gradle.launcher.daemon.server.exec.ForwardClientInput.lambda$execute$0(ForwardClientInput.java:40)
	at org.gradle.internal.daemon.clientinput.ClientInputForwarder.forwardInput(ClientInputForwarder.java:80)
	at org.gradle.launcher.daemon.server.exec.ForwardClientInput.execute(ForwardClientInput.java:37)
	at org.gradle.launcher.daemon.server.api.DaemonCommandExecution.proceed(DaemonCommandExecution.java:104)
	at org.gradle.launcher.daemon.server.exec.LogAndCheckHealth.execute(LogAndCheckHealth.java:64)
	at org.gradle.launcher.daemon.server.api.DaemonCommandExecution.proceed(DaemonCommandExecution.java:104)
	at org.gradle.launcher.daemon.server.exec.LogToClient.doBuild(LogToClient.java:63)
	at org.gradle.launcher.daemon.server.exec.BuildCommandOnly.execute(BuildCommandOnly.java:37)
	at org.gradle.launcher.daemon.server.api.DaemonCommandExecution.proceed(DaemonCommandExecution.java:104)
	at org.gradle.launcher.daemon.server.exec.EstablishBuildEnvironment.doBuild(EstablishBuildEnvironment.java:84)
	at org.gradle.launcher.daemon.server.exec.BuildCommandOnly.execute(BuildCommandOnly.java:37)
	at org.gradle.launcher.daemon.server.api.DaemonCommandExecution.proceed(DaemonCommandExecution.java:104)
	at org.gradle.launcher.daemon.server.exec.StartBuildOrRespondWithBusy$1.run(StartBuildOrRespondWithBusy.java:52)
	at org.gradle.launcher.daemon.server.DaemonStateCoordinator.lambda$runCommand$0(DaemonStateCoordinator.java:321)
	at org.gradle.internal.concurrent.ExecutorPolicy$CatchAndRecordFailures.onExecute(ExecutorPolicy.java:64)
	at org.gradle.internal.concurrent.AbstractManagedExecutor$1.run(AbstractManagedExecutor.java:47)
Caused by: org.gradle.api.GradleScriptException: A problem occurred evaluating settings 'plugins'.
	at org.gradle.groovy.scripts.internal.DefaultScriptRunnerFactory$ScriptRunnerImpl.run(DefaultScriptRunnerFactory.java:93)
	at org.gradle.configuration.DefaultScriptPluginFactory$ScriptPluginImpl.lambda$apply$1(DefaultScriptPluginFactory.java:141)
	at org.gradle.configuration.DefaultScriptTarget.addConfiguration(DefaultScriptTarget.java:74)
	at org.gradle.configuration.DefaultScriptPluginFactory$ScriptPluginImpl.apply(DefaultScriptPluginFactory.java:144)
	at org.gradle.configuration.BuildOperationScriptPlugin$1.run(BuildOperationScriptPlugin.java:68)
	at org.gradle.internal.operations.DefaultBuildOperationRunner$1.execute(DefaultBuildOperationRunner.java:30)
	at org.gradle.internal.operations.DefaultBuildOperationRunner$1.execute(DefaultBuildOperationRunner.java:27)
	at org.gradle.internal.operations.DefaultBuildOperationRunner$2.execute(DefaultBuildOperationRunner.java:67)
	at org.gradle.internal.operations.DefaultBuildOperationRunner$2.execute(DefaultBuildOperationRunner.java:60)
	at org.gradle.internal.operations.DefaultBuildOperationRunner.execute(DefaultBuildOperationRunner.java:167)
	at org.gradle.internal.operations.DefaultBuildOperationRunner.execute(DefaultBuildOperationRunner.java:60)
	at org.gradle.internal.operations.DefaultBuildOperationRunner.run(DefaultBuildOperationRunner.java:48)
	at org.gradle.configuration.BuildOperationScriptPlugin.lambda$apply$0(BuildOperationScriptPlugin.java:65)
	at org.gradle.internal.code.DefaultUserCodeApplicationContext.apply(DefaultUserCodeApplicationContext.java:44)
	at org.gradle.configuration.BuildOperationScriptPlugin.apply(BuildOperationScriptPlugin.java:65)
	at org.gradle.initialization.ScriptEvaluatingSettingsProcessor.applySettingsScript(ScriptEvaluatingSettingsProcessor.java:84)
	at org.gradle.initialization.ScriptEvaluatingSettingsProcessor.process(ScriptEvaluatingSettingsProcessor.java:73)
	at org.gradle.initialization.SettingsEvaluatedCallbackFiringSettingsProcessor.process(SettingsEvaluatedCallbackFiringSettingsProcessor.java:34)
	at org.gradle.features.internal.initialization.SharedModelDefaultsSettingsProcessor.process(SharedModelDefaultsSettingsProcessor.java:37)
	at org.gradle.initialization.RootBuildCacheControllerSettingsProcessor.process(RootBuildCacheControllerSettingsProcessor.java:47)
	at org.gradle.initialization.BuildOperationSettingsProcessor$2.call(BuildOperationSettingsProcessor.java:49)
	at org.gradle.initialization.BuildOperationSettingsProcessor$2.call(BuildOperationSettingsProcessor.java:46)
	at org.gradle.internal.operations.DefaultBuildOperationRunner$CallableBuildOperationWorker.execute(DefaultBuildOperationRunner.java:210)
	at org.gradle.internal.operations.DefaultBuildOperationRunner$CallableBuildOperationWorker.execute(DefaultBuildOperationRunner.java:205)
	at org.gradle.internal.operations.DefaultBuildOperationRunner$2.execute(DefaultBuildOperationRunner.java:67)
	at org.gradle.internal.operations.DefaultBuildOperationRunner$2.execute(DefaultBuildOperationRunner.java:60)
	at org.gradle.internal.operations.DefaultBuildOperationRunner.execute(DefaultBuildOperationRunner.java:167)
	at org.gradle.internal.operations.DefaultBuildOperationRunner.execute(DefaultBuildOperationRunner.java:60)
	at org.gradle.internal.operations.DefaultBuildOperationRunner.call(DefaultBuildOperationRunner.java:54)
	at org.gradle.initialization.BuildOperationSettingsProcessor.process(BuildOperationSettingsProcessor.java:46)
	at org.gradle.initialization.DefaultSettingsPreparer.findSettingsAndLoadIfAppropriate(DefaultSettingsPreparer.java:301)
	at org.gradle.initialization.DefaultSettingsPreparer.findAndLoadSettings(DefaultSettingsPreparer.java:222)
	at org.gradle.initialization.DefaultSettingsPreparer.loadBuild(DefaultSettingsPreparer.java:162)
	at org.gradle.initialization.DefaultSettingsPreparer.access$000(DefaultSettingsPreparer.java:62)
	at org.gradle.initialization.DefaultSettingsPreparer$2.run(DefaultSettingsPreparer.java:129)
	at org.gradle.internal.operations.DefaultBuildOperationRunner$1.execute(DefaultBuildOperationRunner.java:30)
	at org.gradle.internal.operations.DefaultBuildOperationRunner$1.execute(DefaultBuildOperationRunner.java:27)
	at org.gradle.internal.operations.DefaultBuildOperationRunner$2.execute(DefaultBuildOperationRunner.java:67)
	at org.gradle.internal.operations.DefaultBuildOperationRunner$2.execute(DefaultBuildOperationRunner.java:60)
	at org.gradle.internal.operations.DefaultBuildOperationRunner.execute(DefaultBuildOperationRunner.java:167)
	at org.gradle.internal.operations.DefaultBuildOperationRunner.execute(DefaultBuildOperationRunner.java:60)
	at org.gradle.internal.operations.DefaultBuildOperationRunner.run(DefaultBuildOperationRunner.java:48)
	at org.gradle.initialization.DefaultSettingsPreparer.prepareSettings(DefaultSettingsPreparer.java:126)
	at org.gradle.initialization.VintageBuildModelController.lambda$prepareSettings$1(VintageBuildModelController.java:79)
	at org.gradle.internal.model.StateTransitionController.lambda$doTransition$15(StateTransitionController.java:293)
	at org.gradle.internal.model.StateTransitionController.doTransition(StateTransitionController.java:304)
	at org.gradle.internal.model.StateTransitionController.doTransition(StateTransitionController.java:292)
	at org.gradle.internal.model.StateTransitionController.lambda$transitionIfNotPreviously$12(StateTransitionController.java:251)
	at org.gradle.internal.work.DefaultSynchronizer.withLock(DefaultSynchronizer.java:35)
	at org.gradle.internal.model.StateTransitionController.transitionIfNotPreviously(StateTransitionController.java:247)
	at org.gradle.initialization.VintageBuildModelController.prepareSettings(VintageBuildModelController.java:79)
	at org.gradle.initialization.VintageBuildModelController.getConfiguredModel(VintageBuildModelController.java:62)
	at org.gradle.internal.model.StateTransitionController.lambda$notInState$3(StateTransitionController.java:152)
	at org.gradle.internal.work.DefaultSynchronizer.withLock(DefaultSynchronizer.java:45)
	at org.gradle.internal.model.StateTransitionController.notInState(StateTransitionController.java:148)
	at org.gradle.internal.build.DefaultBuildLifecycleController.configureProjects(DefaultBuildLifecycleController.java:128)
	at org.gradle.internal.build.DefaultBuildToolingModelController.lambda$tryRunConfiguration$4(DefaultBuildToolingModelController.java:100)
	at org.gradle.internal.Try.ofFailable(Try.java:46)
	at org.gradle.internal.build.DefaultBuildToolingModelController.tryRunConfiguration(DefaultBuildToolingModelController.java:99)
	at org.gradle.internal.build.DefaultBuildToolingModelController.configureBuild(DefaultBuildToolingModelController.java:91)
	at org.gradle.internal.build.DefaultBuildToolingModelController.locateBuilderForTarget(DefaultBuildToolingModelController.java:64)
	at org.gradle.internal.buildtree.DefaultBuildTreeModelCreator$DefaultBuildTreeModelController.lambda$locateBuilderForBuildTarget$0(DefaultBuildTreeModelCreator.java:150)
	at org.gradle.internal.build.DefaultBuildLifecycleController.withToolingModels(DefaultBuildLifecycleController.java:337)
	at org.gradle.internal.build.AbstractBuildState.withToolingModels(AbstractBuildState.java:166)
	at org.gradle.internal.buildtree.DefaultBuildTreeModelCreator$DefaultBuildTreeModelController.locateBuilderForBuildTarget(DefaultBuildTreeModelCreator.java:150)
	at org.gradle.internal.buildtree.DefaultBuildTreeModelCreator$DefaultBuildTreeModelController.locateBuilderForDefaultTarget(DefaultBuildTreeModelCreator.java:135)
	at org.gradle.internal.buildtree.DefaultBuildTreeModelCreator$DefaultBuildTreeModelController.locateBuilderForTarget(DefaultBuildTreeModelCreator.java:124)
	at org.gradle.internal.buildtree.DefaultBuildTreeModelCreator$DefaultBuildTreeModelController.access$200(DefaultBuildTreeModelCreator.java:70)
	at org.gradle.internal.buildtree.DefaultBuildTreeModelCreator$DefaultBuildTreeModelController$1.call(DefaultBuildTreeModelCreator.java:84)
	at org.gradle.internal.buildtree.DefaultBuildTreeModelCreator$DefaultBuildTreeModelController$1.call(DefaultBuildTreeModelCreator.java:80)
	at org.gradle.internal.operations.DefaultBuildOperationRunner$CallableBuildOperationWorker.execute(DefaultBuildOperationRunner.java:210)
	at org.gradle.internal.operations.DefaultBuildOperationRunner$CallableBuildOperationWorker.execute(DefaultBuildOperationRunner.java:205)
	at org.gradle.internal.operations.DefaultBuildOperationRunner$2.execute(DefaultBuildOperationRunner.java:67)
	at org.gradle.internal.operations.DefaultBuildOperationRunner$2.execute(DefaultBuildOperationRunner.java:60)
	at org.gradle.internal.operations.DefaultBuildOperationRunner.execute(DefaultBuildOperationRunner.java:167)
	at org.gradle.internal.operations.DefaultBuildOperationRunner.execute(DefaultBuildOperationRunner.java:60)
	at org.gradle.internal.operations.DefaultBuildOperationRunner.call(DefaultBuildOperationRunner.java:54)
	at org.gradle.internal.buildtree.DefaultBuildTreeModelCreator$DefaultBuildTreeModelController.getModel(DefaultBuildTreeModelCreator.java:80)
	at org.gradle.tooling.internal.provider.runner.BuildModelActionRunner$ModelCreateAction.fromBuildModel(BuildModelActionRunner.java:86)
	at org.gradle.tooling.internal.provider.runner.BuildModelActionRunner$ModelCreateAction.fromBuildModel(BuildModelActionRunner.java:68)
	at org.gradle.internal.buildtree.DefaultBuildTreeModelCreator.fromBuildModel(DefaultBuildTreeModelCreator.java:67)
	at org.gradle.internal.cc.impl.barrier.BarrierAwareBuildTreeModelCreator.fromBuildModel$lambda$0(BarrierAwareBuildTreeModelCreator.kt:36)
	at org.gradle.internal.cc.impl.barrier.VintageConfigurationTimeActionRunner.runConfigurationTimeAction(VintageConfigurationTimeActionRunner.kt:48)
	at org.gradle.internal.cc.impl.barrier.BarrierAwareBuildTreeModelCreator.fromBuildModel(BarrierAwareBuildTreeModelCreator.kt:35)
	at org.gradle.internal.buildtree.DefaultBuildTreeLifecycleController.lambda$runFromBuildModel$3(DefaultBuildTreeLifecycleController.java:95)
	at org.gradle.internal.Try.ofFailable(Try.java:46)
	at org.gradle.internal.buildtree.DefaultBuildTreeLifecycleController.runFromBuildModel(DefaultBuildTreeLifecycleController.java:95)
	at org.gradle.internal.buildtree.DefaultBuildTreeLifecycleController.lambda$fromBuildModel$2(DefaultBuildTreeLifecycleController.java:88)
	at org.gradle.internal.buildtree.DefaultBuildTreeLifecycleController.lambda$runBuild$5(DefaultBuildTreeLifecycleController.java:121)
	at org.gradle.internal.model.StateTransitionController.lambda$transition$7(StateTransitionController.java:207)
	at org.gradle.internal.model.StateTransitionController.doTransition(StateTransitionController.java:304)
	at org.gradle.internal.model.StateTransitionController.lambda$transition$8(StateTransitionController.java:207)
	at org.gradle.internal.work.DefaultSynchronizer.withLock(DefaultSynchronizer.java:45)
	at org.gradle.internal.model.StateTransitionController.transition(StateTransitionController.java:207)
	at org.gradle.internal.buildtree.DefaultBuildTreeLifecycleController.runBuild(DefaultBuildTreeLifecycleController.java:118)
	at org.gradle.internal.buildtree.DefaultBuildTreeLifecycleController.fromBuildModel(DefaultBuildTreeLifecycleController.java:81)
	at org.gradle.tooling.internal.provider.runner.BuildModelActionRunner.run(BuildModelActionRunner.java:52)
	at org.gradle.launcher.exec.ChainingBuildActionRunner.run(ChainingBuildActionRunner.java:35)
	at org.gradle.internal.buildtree.ProblemReportingBuildActionRunner.run(ProblemReportingBuildActionRunner.java:54)
	at org.gradle.launcher.exec.BuildOutcomeReportingBuildActionRunner.run(BuildOutcomeReportingBuildActionRunner.java:83)
	at org.gradle.tooling.internal.provider.FileSystemWatchingBuildActionRunner.run(FileSystemWatchingBuildActionRunner.java:135)
	at org.gradle.launcher.exec.BuildCompletionNotifyingBuildActionRunner.run(BuildCompletionNotifyingBuildActionRunner.java:65)
	at org.gradle.launcher.exec.RootBuildLifecycleBuildActionExecutor.lambda$execute$0(RootBuildLifecycleBuildActionExecutor.java:101)
	at org.gradle.composite.internal.DefaultRootBuildState.run(DefaultRootBuildState.java:126)
	at org.gradle.launcher.exec.RootBuildLifecycleBuildActionExecutor.execute(RootBuildLifecycleBuildActionExecutor.java:101)
	at org.gradle.launcher.exec.BuildTreeLifecycleBuildActionExecutor.runRootBuildAction(BuildTreeLifecycleBuildActionExecutor.java:104)
	at org.gradle.launcher.exec.BuildTreeLifecycleBuildActionExecutor.execute(BuildTreeLifecycleBuildActionExecutor.java:74)
	at org.gradle.launcher.exec.RunAsBuildOperationBuildActionExecutor$2.call(RunAsBuildOperationBuildActionExecutor.java:65)
	at org.gradle.launcher.exec.RunAsBuildOperationBuildActionExecutor$2.call(RunAsBuildOperationBuildActionExecutor.java:61)
	at org.gradle.internal.operations.DefaultBuildOperationRunner$CallableBuildOperationWorker.execute(DefaultBuildOperationRunner.java:210)
	at org.gradle.internal.operations.DefaultBuildOperationRunner$CallableBuildOperationWorker.execute(DefaultBuildOperationRunner.java:205)
	at org.gradle.internal.operations.DefaultBuildOperationRunner$2.execute(DefaultBuildOperationRunner.java:67)
	at org.gradle.internal.operations.DefaultBuildOperationRunner$2.execute(DefaultBuildOperationRunner.java:60)
	at org.gradle.internal.operations.DefaultBuildOperationRunner.execute(DefaultBuildOperationRunner.java:167)
	at org.gradle.internal.operations.DefaultBuildOperationRunner.execute(DefaultBuildOperationRunner.java:60)
	at org.gradle.internal.operations.DefaultBuildOperationRunner.call(DefaultBuildOperationRunner.java:54)
	at org.gradle.launcher.exec.RunAsBuildOperationBuildActionExecutor.execute(RunAsBuildOperationBuildActionExecutor.java:61)
	at org.gradle.launcher.exec.RunAsWorkerThreadBuildActionExecutor.lambda$execute$0(RunAsWorkerThreadBuildActionExecutor.java:36)
	at org.gradle.internal.work.DefaultWorkerLeaseService.lambda$runAndReleaseLocks$0(DefaultWorkerLeaseService.java:300)
	at org.gradle.internal.work.ResourceLockStatistics$1.measure(ResourceLockStatistics.java:43)
	at org.gradle.internal.work.DefaultWorkerLeaseService.runAndReleaseLocks(DefaultWorkerLeaseService.java:298)
	at org.gradle.internal.work.DefaultWorkerLeaseService.withLocksAcquired(DefaultWorkerLeaseService.java:294)
	at org.gradle.internal.work.DefaultWorkerLeaseService.withLocks(DefaultWorkerLeaseService.java:286)
	at org.gradle.internal.work.DefaultWorkerLeaseService.runAsWorkerThread(DefaultWorkerLeaseService.java:130)
	at org.gradle.launcher.exec.RunAsWorkerThreadBuildActionExecutor.execute(RunAsWorkerThreadBuildActionExecutor.java:36)
	at org.gradle.tooling.internal.provider.continuous.ContinuousBuildActionExecutor.execute(ContinuousBuildActionExecutor.java:110)
	at org.gradle.tooling.internal.provider.SubscribableBuildActionExecutor.execute(SubscribableBuildActionExecutor.java:64)
	at org.gradle.internal.session.DefaultBuildSessionContext.execute(DefaultBuildSessionContext.java:46)
	at org.gradle.internal.buildprocess.execution.BuildSessionLifecycleBuildActionExecutor$ActionImpl.apply(BuildSessionLifecycleBuildActionExecutor.java:106)
	at org.gradle.internal.buildprocess.execution.BuildSessionLifecycleBuildActionExecutor$ActionImpl.apply(BuildSessionLifecycleBuildActionExecutor.java:94)
	at org.gradle.internal.session.BuildSessionState.run(BuildSessionState.java:73)
	at org.gradle.internal.buildprocess.execution.BuildSessionLifecycleBuildActionExecutor.execute(BuildSessionLifecycleBuildActionExecutor.java:67)
	at org.gradle.internal.buildprocess.execution.BuildSessionLifecycleBuildActionExecutor.execute(BuildSessionLifecycleBuildActionExecutor.java:45)
	at org.gradle.internal.buildprocess.execution.StartParamsValidatingActionExecutor.execute(StartParamsValidatingActionExecutor.java:57)
	at org.gradle.internal.buildprocess.execution.StartParamsValidatingActionExecutor.execute(StartParamsValidatingActionExecutor.java:32)
	at org.gradle.internal.buildprocess.execution.SessionFailureReportingActionExecutor.execute(SessionFailureReportingActionExecutor.java:51)
	at org.gradle.internal.buildprocess.execution.SessionFailureReportingActionExecutor.execute(SessionFailureReportingActionExecutor.java:39)
	at org.gradle.internal.buildprocess.execution.SetupLoggingActionExecutor.execute(SetupLoggingActionExecutor.java:47)
	at org.gradle.internal.buildprocess.execution.SetupLoggingActionExecutor.execute(SetupLoggingActionExecutor.java:31)
	at org.gradle.launcher.daemon.server.exec.ExecuteBuild.doBuild(ExecuteBuild.java:70)
	at org.gradle.launcher.daemon.server.exec.BuildCommandOnly.execute(BuildCommandOnly.java:37)
	at org.gradle.launcher.daemon.server.api.DaemonCommandExecution.proceed(DaemonCommandExecution.java:104)
	at org.gradle.launcher.daemon.server.exec.WatchForDisconnection.execute(WatchForDisconnection.java:39)
	at org.gradle.launcher.daemon.server.api.DaemonCommandExecution.proceed(DaemonCommandExecution.java:104)
	at org.gradle.launcher.daemon.server.exec.ResetDeprecationLogger.execute(ResetDeprecationLogger.java:29)
	at org.gradle.launcher.daemon.server.api.DaemonCommandExecution.proceed(DaemonCommandExecution.java:104)
	at org.gradle.launcher.daemon.server.exec.RequestStopIfSingleUsedDaemon.execute(RequestStopIfSingleUsedDaemon.java:35)
	at org.gradle.launcher.daemon.server.api.DaemonCommandExecution.proceed(DaemonCommandExecution.java:104)
	at org.gradle.launcher.daemon.server.exec.ForwardClientInput.lambda$execute$0(ForwardClientInput.java:40)
	at org.gradle.internal.daemon.clientinput.ClientInputForwarder.forwardInput(ClientInputForwarder.java:80)
	at org.gradle.launcher.daemon.server.exec.ForwardClientInput.execute(ForwardClientInput.java:37)
	at org.gradle.launcher.daemon.server.api.DaemonCommandExecution.proceed(DaemonCommandExecution.java:104)
	at org.gradle.launcher.daemon.server.exec.LogAndCheckHealth.execute(LogAndCheckHealth.java:64)
	at org.gradle.launcher.daemon.server.api.DaemonCommandExecution.proceed(DaemonCommandExecution.java:104)
	at org.gradle.launcher.daemon.server.exec.LogToClient.doBuild(LogToClient.java:63)
	at org.gradle.launcher.daemon.server.exec.BuildCommandOnly.execute(BuildCommandOnly.java:37)
	at org.gradle.launcher.daemon.server.api.DaemonCommandExecution.proceed(DaemonCommandExecution.java:104)
	at org.gradle.launcher.daemon.server.exec.EstablishBuildEnvironment.doBuild(EstablishBuildEnvironment.java:84)
	at org.gradle.launcher.daemon.server.exec.BuildCommandOnly.execute(BuildCommandOnly.java:37)
	at org.gradle.launcher.daemon.server.api.DaemonCommandExecution.proceed(DaemonCommandExecution.java:104)
	at org.gradle.launcher.daemon.server.exec.StartBuildOrRespondWithBusy$1.run(StartBuildOrRespondWithBusy.java:52)
	at org.gradle.launcher.daemon.server.DaemonStateCoordinator.lambda$runCommand$0(DaemonStateCoordinator.java:321)
	at org.gradle.internal.concurrent.ExecutorPolicy$CatchAndRecordFailures.onExecute(ExecutorPolicy.java:64)
	at org.gradle.internal.concurrent.AbstractManagedExecutor$1.run(AbstractManagedExecutor.java:47)
Caused by: java.lang.IllegalArgumentException: There is no feature named NO_IMPLICIT_LOOKUP_IN_PARENT_PROJECTS
	at org.gradle.api.internal.FeaturePreviews$Feature.withName(FeaturePreviews.java:51)
	at org.gradle.initialization.DefaultSettings.enableFeaturePreview(DefaultSettings.java:378)
	at org.gradle.internal.metaobject.BeanDynamicObject$MetaClassAdapter.invokeMethod(BeanDynamicObject.java:583)
	at org.gradle.internal.metaobject.BeanDynamicObject.tryInvokeMethod(BeanDynamicObject.java:225)
	at org.gradle.internal.metaobject.CompositeDynamicObject.tryInvokeMethod(CompositeDynamicObject.java:111)
	at org.gradle.internal.extensibility.MixInClosurePropertiesAsMethodsDynamicObject.tryInvokeMethod(MixInClosurePropertiesAsMethodsDynamicObject.java:37)
	at org.gradle.groovy.scripts.BasicScript$ScriptDynamicObject.tryInvokeMethod(BasicScript.java:139)
	at org.gradle.internal.metaobject.AbstractDynamicObject.invokeMethod(AbstractDynamicObject.java:168)
	at org.gradle.api.internal.project.DefaultDynamicLookupRoutine.invokeMethod(DefaultDynamicLookupRoutine.java:57)
	at org.gradle.groovy.scripts.BasicScript.invokeMethod(BasicScript.java:88)
	at settings_cg97sdje95gpfsu4qdaglzpn6.run(/home/runner/work/metals-community-build/metals-community-build/workspaces/project/gradle/plugins/settings.gradle:29)
	at org.gradle.groovy.scripts.internal.DefaultScriptRunnerFactory$ScriptRunnerImpl.run(DefaultScriptRunnerFactory.java:91)
	at org.gradle.configuration.DefaultScriptPluginFactory$ScriptPluginImpl.lambda$apply$1(DefaultScriptPluginFactory.java:141)
	at org.gradle.configuration.DefaultScriptTarget.addConfiguration(DefaultScriptTarget.java:74)
	at org.gradle.configuration.DefaultScriptPluginFactory$ScriptPluginImpl.apply(DefaultScriptPluginFactory.java:144)
	at org.gradle.configuration.BuildOperationScriptPlugin$1.run(BuildOperationScriptPlugin.java:68)
	at org.gradle.internal.operations.DefaultBuildOperationRunner$1.execute(DefaultBuildOperationRunner.java:30)
	at org.gradle.internal.operations.DefaultBuildOperationRunner$1.execute(DefaultBuildOperationRunner.java:27)
	at org.gradle.internal.operations.DefaultBuildOperationRunner$2.execute(DefaultBuildOperationRunner.java:67)
	at org.gradle.internal.operations.DefaultBuildOperationRunner$2.execute(DefaultBuildOperationRunner.java:60)
	at org.gradle.internal.operations.DefaultBuildOperationRunner.execute(DefaultBuildOperationRunner.java:167)
	at org.gradle.internal.operations.DefaultBuildOperationRunner.execute(DefaultBuildOperationRunner.java:60)
	at org.gradle.internal.operations.DefaultBuildOperationRunner.run(DefaultBuildOperationRunner.java:48)
	at org.gradle.configuration.BuildOperationScriptPlugin.lambda$apply$0(BuildOperationScriptPlugin.java:65)
	at org.gradle.internal.code.DefaultUserCodeApplicationContext.apply(DefaultUserCodeApplicationContext.java:44)
	at org.gradle.configuration.BuildOperationScriptPlugin.apply(BuildOperationScriptPlugin.java:65)
	at org.gradle.initialization.ScriptEvaluatingSettingsProcessor.applySettingsScript(ScriptEvaluatingSettingsProcessor.java:84)
	at org.gradle.initialization.ScriptEvaluatingSettingsProcessor.process(ScriptEvaluatingSettingsProcessor.java:73)
	at org.gradle.initialization.SettingsEvaluatedCallbackFiringSettingsProcessor.process(SettingsEvaluatedCallbackFiringSettingsProcessor.java:34)
	at org.gradle.features.internal.initialization.SharedModelDefaultsSettingsProcessor.process(SharedModelDefaultsSettingsProcessor.java:37)
	at org.gradle.initialization.RootBuildCacheControllerSettingsProcessor.process(RootBuildCacheControllerSettingsProcessor.java:47)
	at org.gradle.initialization.BuildOperationSettingsProcessor$2.call(BuildOperationSettingsProcessor.java:49)
	at org.gradle.initialization.BuildOperationSettingsProcessor$2.call(BuildOperationSettingsProcessor.java:46)
	at org.gradle.internal.operations.DefaultBuildOperationRunner$CallableBuildOperationWorker.execute(DefaultBuildOperationRunner.java:210)
	at org.gradle.internal.operations.DefaultBuildOperationRunner$CallableBuildOperationWorker.execute(DefaultBuildOperationRunner.java:205)
	at org.gradle.internal.operations.DefaultBuildOperationRunner$2.execute(DefaultBuildOperationRunner.java:67)
	at org.gradle.internal.operations.DefaultBuildOperationRunner$2.execute(DefaultBuildOperationRunner.java:60)
	at org.gradle.internal.operations.DefaultBuildOperationRunner.execute(DefaultBuildOperationRunner.java:167)
	at org.gradle.internal.operations.DefaultBuildOperationRunner.execute(DefaultBuildOperationRunner.java:60)
	at org.gradle.internal.operations.DefaultBuildOperationRunner.call(DefaultBuildOperationRunner.java:54)
	at org.gradle.initialization.BuildOperationSettingsProcessor.process(BuildOperationSettingsProcessor.java:46)
	at org.gradle.initialization.DefaultSettingsPreparer.findSettingsAndLoadIfAppropriate(DefaultSettingsPreparer.java:301)
	at org.gradle.initialization.DefaultSettingsPreparer.findAndLoadSettings(DefaultSettingsPreparer.java:222)
	at org.gradle.initialization.DefaultSettingsPreparer.loadBuild(DefaultSettingsPreparer.java:162)
	at org.gradle.initialization.DefaultSettingsPreparer.access$000(DefaultSettingsPreparer.java:62)
	at org.gradle.initialization.DefaultSettingsPreparer$2.run(DefaultSettingsPreparer.java:129)
	at org.gradle.internal.operations.DefaultBuildOperationRunner$1.execute(DefaultBuildOperationRunner.java:30)
	at org.gradle.internal.operations.DefaultBuildOperationRunner$1.execute(DefaultBuildOperationRunner.java:27)
	at org.gradle.internal.operations.DefaultBuildOperationRunner$2.execute(DefaultBuildOperationRunner.java:67)
	at org.gradle.internal.operations.DefaultBuildOperationRunner$2.execute(DefaultBuildOperationRunner.java:60)
	at org.gradle.internal.operations.DefaultBuildOperationRunner.execute(DefaultBuildOperationRunner.java:167)
	at org.gradle.internal.operations.DefaultBuildOperationRunner.execute(DefaultBuildOperationRunner.java:60)
	at org.gradle.internal.operations.DefaultBuildOperationRunner.run(DefaultBuildOperationRunner.java:48)
	at org.gradle.initialization.DefaultSettingsPreparer.prepareSettings(DefaultSettingsPreparer.java:126)
	at org.gradle.initialization.VintageBuildModelController.lambda$prepareSettings$1(VintageBuildModelController.java:79)
	at org.gradle.internal.model.StateTransitionController.lambda$doTransition$15(StateTransitionController.java:293)
	at org.gradle.internal.model.StateTransitionController.doTransition(StateTransitionController.java:304)
	at org.gradle.internal.model.StateTransitionController.doTransition(StateTransitionController.java:292)
	at org.gradle.internal.model.StateTransitionController.lambda$transitionIfNotPreviously$12(StateTransitionController.java:251)
	at org.gradle.internal.work.DefaultSynchronizer.withLock(DefaultSynchronizer.java:35)
	at org.gradle.internal.model.StateTransitionController.transitionIfNotPreviously(StateTransitionController.java:247)
	at org.gradle.initialization.VintageBuildModelController.prepareSettings(VintageBuildModelController.java:79)
	at org.gradle.initialization.VintageBuildModelController.getConfiguredModel(VintageBuildModelController.java:62)
	at org.gradle.internal.model.StateTransitionController.lambda$notInState$3(StateTransitionController.java:152)
	at org.gradle.internal.work.DefaultSynchronizer.withLock(DefaultSynchronizer.java:45)
	at org.gradle.internal.model.StateTransitionController.notInState(StateTransitionController.java:148)
	at org.gradle.internal.build.DefaultBuildLifecycleController.configureProjects(DefaultBuildLifecycleController.java:128)
	at org.gradle.internal.build.DefaultBuildToolingModelController.lambda$tryRunConfiguration$4(DefaultBuildToolingModelController.java:100)
	at org.gradle.internal.Try.ofFailable(Try.java:46)
	at org.gradle.internal.build.DefaultBuildToolingModelController.tryRunConfiguration(DefaultBuildToolingModelController.java:99)
	at org.gradle.internal.build.DefaultBuildToolingModelController.configureBuild(DefaultBuildToolingModelController.java:91)
	at org.gradle.internal.build.DefaultBuildToolingModelController.locateBuilderForTarget(DefaultBuildToolingModelController.java:64)
	at org.gradle.internal.buildtree.DefaultBuildTreeModelCreator$DefaultBuildTreeModelController.lambda$locateBuilderForBuildTarget$0(DefaultBuildTreeModelCreator.java:150)
	at org.gradle.internal.build.DefaultBuildLifecycleController.withToolingModels(DefaultBuildLifecycleController.java:337)
	at org.gradle.internal.build.AbstractBuildState.withToolingModels(AbstractBuildState.java:166)
	at org.gradle.internal.buildtree.DefaultBuildTreeModelCreator$DefaultBuildTreeModelController.locateBuilderForBuildTarget(DefaultBuildTreeModelCreator.java:150)
	at org.gradle.internal.buildtree.DefaultBuildTreeModelCreator$DefaultBuildTreeModelController.locateBuilderForDefaultTarget(DefaultBuildTreeModelCreator.java:135)
	at org.gradle.internal.buildtree.DefaultBuildTreeModelCreator$DefaultBuildTreeModelController.locateBuilderForTarget(DefaultBuildTreeModelCreator.java:124)
	at org.gradle.internal.buildtree.DefaultBuildTreeModelCreator$DefaultBuildTreeModelController.access$200(DefaultBuildTreeModelCreator.java:70)
	at org.gradle.internal.buildtree.DefaultBuildTreeModelCreator$DefaultBuildTreeModelController$1.call(DefaultBuildTreeModelCreator.java:84)
	at org.gradle.internal.buildtree.DefaultBuildTreeModelCreator$DefaultBuildTreeModelController$1.call(DefaultBuildTreeModelCreator.java:80)
	at org.gradle.internal.operations.DefaultBuildOperationRunner$CallableBuildOperationWorker.execute(DefaultBuildOperationRunner.java:210)
	at org.gradle.internal.operations.DefaultBuildOperationRunner$CallableBuildOperationWorker.execute(DefaultBuildOperationRunner.java:205)
	at org.gradle.internal.operations.DefaultBuildOperationRunner$2.execute(DefaultBuildOperationRunner.java:67)
	at org.gradle.internal.operations.DefaultBuildOperationRunner$2.execute(DefaultBuildOperationRunner.java:60)
	at org.gradle.internal.operations.DefaultBuildOperationRunner.execute(DefaultBuildOperationRunner.java:167)
	at org.gradle.internal.operations.DefaultBuildOperationRunner.execute(DefaultBuildOperationRunner.java:60)
	at org.gradle.internal.operations.DefaultBuildOperationRunner.call(DefaultBuildOperationRunner.java:54)
	at org.gradle.internal.buildtree.DefaultBuildTreeModelCreator$DefaultBuildTreeModelController.getModel(DefaultBuildTreeModelCreator.java:80)
	at org.gradle.tooling.internal.provider.runner.BuildModelActionRunner$ModelCreateAction.fromBuildModel(BuildModelActionRunner.java:86)
	at org.gradle.tooling.internal.provider.runner.BuildModelActionRunner$ModelCreateAction.fromBuildModel(BuildModelActionRunner.java:68)
	at org.gradle.internal.buildtree.DefaultBuildTreeModelCreator.fromBuildModel(DefaultBuildTreeModelCreator.java:67)
	at org.gradle.internal.cc.impl.barrier.BarrierAwareBuildTreeModelCreator.fromBuildModel$lambda$0(BarrierAwareBuildTreeModelCreator.kt:36)
	at org.gradle.internal.cc.impl.barrier.VintageConfigurationTimeActionRunner.runConfigurationTimeAction(VintageConfigurationTimeActionRunner.kt:48)
	at org.gradle.internal.cc.impl.barrier.BarrierAwareBuildTreeModelCreator.fromBuildModel(BarrierAwareBuildTreeModelCreator.kt:35)
	at org.gradle.internal.buildtree.DefaultBuildTreeLifecycleController.lambda$runFromBuildModel$3(DefaultBuildTreeLifecycleController.java:95)
	at org.gradle.internal.Try.ofFailable(Try.java:46)
	at org.gradle.internal.buildtree.DefaultBuildTreeLifecycleController.runFromBuildModel(DefaultBuildTreeLifecycleController.java:95)
	at org.gradle.internal.buildtree.DefaultBuildTreeLifecycleController.lambda$fromBuildModel$2(DefaultBuildTreeLifecycleController.java:88)
	at org.gradle.internal.buildtree.DefaultBuildTreeLifecycleController.lambda$runBuild$5(DefaultBuildTreeLifecycleController.java:121)
	at org.gradle.internal.model.StateTransitionController.lambda$transition$7(StateTransitionController.java:207)
	at org.gradle.internal.model.StateTransitionController.doTransition(StateTransitionController.java:304)
	at org.gradle.internal.model.StateTransitionController.lambda$transition$8(StateTransitionController.java:207)
	at org.gradle.internal.work.DefaultSynchronizer.withLock(DefaultSynchronizer.java:45)
	at org.gradle.internal.model.StateTransitionController.transition(StateTransitionController.java:207)
	at org.gradle.internal.buildtree.DefaultBuildTreeLifecycleController.runBuild(DefaultBuildTreeLifecycleController.java:118)
	at org.gradle.internal.buildtree.DefaultBuildTreeLifecycleController.fromBuildModel(DefaultBuildTreeLifecycleController.java:81)
	at org.gradle.tooling.internal.provider.runner.BuildModelActionRunner.run(BuildModelActionRunner.java:52)
	at org.gradle.launcher.exec.ChainingBuildActionRunner.run(ChainingBuildActionRunner.java:35)
	at org.gradle.internal.buildtree.ProblemReportingBuildActionRunner.run(ProblemReportingBuildActionRunner.java:54)
	at org.gradle.launcher.exec.BuildOutcomeReportingBuildActionRunner.run(BuildOutcomeReportingBuildActionRunner.java:83)
	at org.gradle.tooling.internal.provider.FileSystemWatchingBuildActionRunner.run(FileSystemWatchingBuildActionRunner.java:135)
	at org.gradle.launcher.exec.BuildCompletionNotifyingBuildActionRunner.run(BuildCompletionNotifyingBuildActionRunner.java:65)
	at org.gradle.launcher.exec.RootBuildLifecycleBuildActionExecutor.lambda$execute$0(RootBuildLifecycleBuildActionExecutor.java:101)
	at org.gradle.composite.internal.DefaultRootBuildState.run(DefaultRootBuildState.java:126)
	at org.gradle.launcher.exec.RootBuildLifecycleBuildActionExecutor.execute(RootBuildLifecycleBuildActionExecutor.java:101)
	at org.gradle.launcher.exec.BuildTreeLifecycleBuildActionExecutor.runRootBuildAction(BuildTreeLifecycleBuildActionExecutor.java:104)
	at org.gradle.launcher.exec.BuildTreeLifecycleBuildActionExecutor.execute(BuildTreeLifecycleBuildActionExecutor.java:74)
	at org.gradle.launcher.exec.RunAsBuildOperationBuildActionExecutor$2.call(RunAsBuildOperationBuildActionExecutor.java:65)
	at org.gradle.launcher.exec.RunAsBuildOperationBuildActionExecutor$2.call(RunAsBuildOperationBuildActionExecutor.java:61)
	at org.gradle.internal.operations.DefaultBuildOperationRunner$CallableBuildOperationWorker.execute(DefaultBuildOperationRunner.java:210)
	at org.gradle.internal.operations.DefaultBuildOperationRunner$CallableBuildOperationWorker.execute(DefaultBuildOperationRunner.java:205)
	at org.gradle.internal.operations.DefaultBuildOperationRunner$2.execute(DefaultBuildOperationRunner.java:67)
	at org.gradle.internal.operations.DefaultBuildOperationRunner$2.execute(DefaultBuildOperationRunner.java:60)
	at org.gradle.internal.operations.DefaultBuildOperationRunner.execute(DefaultBuildOperationRunner.java:167)
	at org.gradle.internal.operations.DefaultBuildOperationRunner.execute(DefaultBuildOperationRunner.java:60)
	at org.gradle.internal.operations.DefaultBuildOperationRunner.call(DefaultBuildOperationRunner.java:54)
	at org.gradle.launcher.exec.RunAsBuildOperationBuildActionExecutor.execute(RunAsBuildOperationBuildActionExecutor.java:61)
	at org.gradle.launcher.exec.RunAsWorkerThreadBuildActionExecutor.lambda$execute$0(RunAsWorkerThreadBuildActionExecutor.java:36)
	at org.gradle.internal.work.DefaultWorkerLeaseService.lambda$runAndReleaseLocks$0(DefaultWorkerLeaseService.java:300)
	at org.gradle.internal.work.ResourceLockStatistics$1.measure(ResourceLockStatistics.java:43)
	at org.gradle.internal.work.DefaultWorkerLeaseService.runAndReleaseLocks(DefaultWorkerLeaseService.java:298)
	at org.gradle.internal.work.DefaultWorkerLeaseService.withLocksAcquired(DefaultWorkerLeaseService.java:294)
	at org.gradle.internal.work.DefaultWorkerLeaseService.withLocks(DefaultWorkerLeaseService.java:286)
	at org.gradle.internal.work.DefaultWorkerLeaseService.runAsWorkerThread(DefaultWorkerLeaseService.java:130)
	at org.gradle.launcher.exec.RunAsWorkerThreadBuildActionExecutor.execute(RunAsWorkerThreadBuildActionExecutor.java:36)
	at org.gradle.tooling.internal.provider.continuous.ContinuousBuildActionExecutor.execute(ContinuousBuildActionExecutor.java:110)
	at org.gradle.tooling.internal.provider.SubscribableBuildActionExecutor.execute(SubscribableBuildActionExecutor.java:64)
	at org.gradle.internal.session.DefaultBuildSessionContext.execute(DefaultBuildSessionContext.java:46)
	at org.gradle.internal.buildprocess.execution.BuildSessionLifecycleBuildActionExecutor$ActionImpl.apply(BuildSessionLifecycleBuildActionExecutor.java:106)
	at org.gradle.internal.buildprocess.execution.BuildSessionLifecycleBuildActionExecutor$ActionImpl.apply(BuildSessionLifecycleBuildActionExecutor.java:94)
	at org.gradle.internal.session.BuildSessionState.run(BuildSessionState.java:73)
	at org.gradle.internal.buildprocess.execution.BuildSessionLifecycleBuildActionExecutor.execute(BuildSessionLifecycleBuildActionExecutor.java:67)
	at org.gradle.internal.buildprocess.execution.BuildSessionLifecycleBuildActionExecutor.execute(BuildSessionLifecycleBuildActionExecutor.java:45)
	at org.gradle.internal.buildprocess.execution.StartParamsValidatingActionExecutor.execute(StartParamsValidatingActionExecutor.java:57)
	at org.gradle.internal.buildprocess.execution.StartParamsValidatingActionExecutor.execute(StartParamsValidatingActionExecutor.java:32)
	at org.gradle.internal.buildprocess.execution.SessionFailureReportingActionExecutor.execute(SessionFailureReportingActionExecutor.java:51)
	at org.gradle.internal.buildprocess.execution.SessionFailureReportingActionExecutor.execute(SessionFailureReportingActionExecutor.java:39)
	at org.gradle.internal.buildprocess.execution.SetupLoggingActionExecutor.execute(SetupLoggingActionExecutor.java:47)
	at org.gradle.internal.buildprocess.execution.SetupLoggingActionExecutor.execute(SetupLoggingActionExecutor.java:31)
	at org.gradle.launcher.daemon.server.exec.ExecuteBuild.doBuild(ExecuteBuild.java:70)
	at org.gradle.launcher.daemon.server.exec.BuildCommandOnly.execute(BuildCommandOnly.java:37)
	at org.gradle.launcher.daemon.server.api.DaemonCommandExecution.proceed(DaemonCommandExecution.java:104)
	at org.gradle.launcher.daemon.server.exec.WatchForDisconnection.execute(WatchForDisconnection.java:39)
	at org.gradle.launcher.daemon.server.api.DaemonCommandExecution.proceed(DaemonCommandExecution.java:104)
	at org.gradle.launcher.daemon.server.exec.ResetDeprecationLogger.execute(ResetDeprecationLogger.java:29)
	at org.gradle.launcher.daemon.server.api.DaemonCommandExecution.proceed(DaemonCommandExecution.java:104)
	at org.gradle.launcher.daemon.server.exec.RequestStopIfSingleUsedDaemon.execute(RequestStopIfSingleUsedDaemon.java:35)
	at org.gradle.launcher.daemon.server.api.DaemonCommandExecution.proceed(DaemonCommandExecution.java:104)
	at org.gradle.launcher.daemon.server.exec.ForwardClientInput.lambda$execute$0(ForwardClientInput.java:40)
	at org.gradle.internal.daemon.clientinput.ClientInputForwarder.forwardInput(ClientInputForwarder.java:80)
	at org.gradle.launcher.daemon.server.exec.ForwardClientInput.execute(ForwardClientInput.java:37)
	at org.gradle.launcher.daemon.server.api.DaemonCommandExecution.proceed(DaemonCommandExecution.java:104)
	at org.gradle.launcher.daemon.server.exec.LogAndCheckHealth.execute(LogAndCheckHealth.java:64)
	at org.gradle.launcher.daemon.server.api.DaemonCommandExecution.proceed(DaemonCommandExecution.java:104)
	at org.gradle.launcher.daemon.server.exec.LogToClient.doBuild(LogToClient.java:63)
	at org.gradle.launcher.daemon.server.exec.BuildCommandOnly.execute(BuildCommandOnly.java:37)
	at org.gradle.launcher.daemon.server.api.DaemonCommandExecution.proceed(DaemonCommandExecution.java:104)
	at org.gradle.launcher.daemon.server.exec.EstablishBuildEnvironment.doBuild(EstablishBuildEnvironment.java:84)
	at org.gradle.launcher.daemon.server.exec.BuildCommandOnly.execute(BuildCommandOnly.java:37)
	at org.gradle.launcher.daemon.server.api.DaemonCommandExecution.proceed(DaemonCommandExecution.java:104)
	at org.gradle.launcher.daemon.server.exec.StartBuildOrRespondWithBusy$1.run(StartBuildOrRespondWithBusy.java:52)
	at org.gradle.launcher.daemon.server.DaemonStateCoordinator.lambda$runCommand$0(DaemonStateCoordinator.java:321)
	at org.gradle.internal.concurrent.ExecutorPolicy$CatchAndRecordFailures.onExecute(ExecutorPolicy.java:64)
	at org.gradle.internal.concurrent.AbstractManagedExecutor$1.run(AbstractManagedExecutor.java:47)

2026.10.01 13:10:53 INFO  time: gradle-extractor extract in 6m36s
2026.10.01 13:10:53 INFO  mbt-import: wrote .metals/mbt.json
2026.10.01 13:10:54 INFO  Tracing is disabled for protocol BSP. To enable tracing of incoming and outgoing JSON messages, create an empty file at /home/runner/work/metals-community-build/metals-community-build/workspaces/project/.metals/bsp.trace.json or /home/runner/.cache/metals/bsp.trace.json
2026.10.01 13:10:54 INFO  Connected to Build server: MBT v2.0.0-community-build.36865447355
2026.10.01 13:11:11 WARN  Using H2 2.4.240 which is newer than the version Flyway has been verified with. The latest verified version of H2 is 2.3.232.
2026.10.01 13:11:23 INFO  time: indexed workspace in 26s
2026.10.01 13:11:23 INFO  MBT fallback for symbol smoketest/oauth2/client/SampleReactiveOAuth2ClientApplicationTest#: found 0 definitions
2026.10.01 13:11:23 INFO  MBT fallback for symbol smoketest/oauth2/client/SampleReactiveOAuth2ClientApplicationTest#: found 0 definitions
2026.10.01 13:11:23 INFO  MBT fallback for symbol smoketest/oauth2/client/SampleReactiveOAuth2ClientApplicationTest.: found 0 definitions
2026.10.01 13:11:23 INFO  MBT fallback for symbol smoketest/oauth2/client/SampleReactiveOAuth2ClientApplicationTest.: found 0 definitions
2026.10.01 13:11:23 INFO  MBT fallback for symbol smoketest/oauth2/client/SampleReactiveOAuth2ClientApplicationLspSuite#: found 0 definitions
2026.10.01 13:11:23 INFO  MBT fallback for symbol smoketest/oauth2/client/SampleReactiveOAuth2ClientApplicationLspSuite#: found 0 definitions
2026.10.01 13:11:23 INFO  MBT fallback for symbol smoketest/oauth2/client/SampleReactiveOAuth2ClientApplicationLspSuite.: found 0 definitions
2026.10.01 13:11:23 INFO  MBT fallback for symbol smoketest/oauth2/client/SampleReactiveOAuth2ClientApplicationLspSuite.: found 0 definitions
2026.10.01 13:11:23 INFO  MBT fallback for symbol smoketest/oauth2/client/SampleReactiveOAuth2ClientApplicationSuite#: found 0 definitions
2026.10.01 13:11:23 INFO  MBT fallback for symbol smoketest/oauth2/client/SampleReactiveOAuth2ClientApplicationSuite.: found 0 definitions
2026.10.01 13:11:23 INFO  MBT fallback for symbol smoketest/oauth2/client/SampleReactiveOAuth2ClientApplicationSuite#: found 0 definitions
2026.10.01 13:11:23 INFO  MBT fallback for symbol smoketest/oauth2/client/SampleReactiveOAuth2ClientApplicationSpec#: found 0 definitions
2026.10.01 13:11:23 INFO  MBT fallback for symbol smoketest/oauth2/client/SampleReactiveOAuth2ClientApplicationSuite.: found 0 definitions
2026.10.01 13:11:23 INFO  MBT fallback for symbol smoketest/oauth2/client/SampleReactiveOAuth2ClientApplicationSpec.: found 0 definitions
2026.10.01 13:11:23 INFO  MBT fallback for symbol smoketest/oauth2/client/SampleReactiveOAuth2ClientApplicationSpec#: found 0 definitions
2026.10.01 13:11:23 INFO  MBT fallback for symbol smoketest/oauth2/client/SampleReactiveOAuth2ClientApplicationSpec.: found 0 definitions
2026.10.01 13:11:29 INFO  MBT compile via gradle: /home/runner/work/metals-community-build/metals-community-build/workspaces/project/gradlew
Oct 01, 2026 1:11:29 PM org.eclipse.lsp4j.jsonrpc.services.GenericEndpoint notify
INFO: Unsupported notification method: $/setTrace
Oct 01, 2026 1:11:30 PM org.eclipse.lsp4j.jsonrpc.services.GenericEndpoint notify
INFO: Unsupported notification method: $/setTrace
2026.10.01 13:11:30 INFO  [mbt-compile] 
2026.10.01 13:11:30 INFO  [mbt-compile] Welcome to Gradle 9.7.0!
2026.10.01 13:11:30 INFO  [mbt-compile] 
2026.10.01 13:11:30 INFO  [mbt-compile] Here are the highlights of this release:
2026.10.01 13:11:30 INFO  [mbt-compile]  - Isolated Projects graduates to incubating
2026.10.01 13:11:30 INFO  [mbt-compile]  - Broader Configuration Cache compatibility
2026.10.01 13:11:30 INFO  [mbt-compile]  - More source locations in problem reports
2026.10.01 13:11:30 INFO  [mbt-compile] 
2026.10.01 13:11:30 INFO  [mbt-compile] For more details see https://docs.gradle.org/9.7.0/release-notes.html
2026.10.01 13:11:30 INFO  [mbt-compile] 
Oct 01, 2026 1:11:30 PM org.eclipse.lsp4j.jsonrpc.services.GenericEndpoint notify
INFO: Unsupported notification method: $/setTrace
2026.10.01 13:11:30 INFO  [mbt-compile] > Task :plugins:cycle-detection-plugin:compileJava FROM-CACHE
2026.10.01 13:11:30 INFO  [mbt-compile] > Task :plugins:cycle-detection-plugin:pluginDescriptors
2026.10.01 13:11:30 INFO  [mbt-compile] > Task :plugins:cycle-detection-plugin:processResources
2026.10.01 13:11:30 INFO  [mbt-compile] > Task :plugins:cycle-detection-plugin:classes
2026.10.01 13:11:30 INFO  [mbt-compile] > Task :plugins:cycle-detection-plugin:jar
Oct 01, 2026 1:11:31 PM org.eclipse.lsp4j.jsonrpc.services.GenericEndpoint notify
INFO: Unsupported notification method: $/setTrace
2026.10.01 13:11:32 INFO  [mbt-compile] > Task :buildSrc:checkFormatMain FROM-CACHE
2026.10.01 13:11:32 INFO  [mbt-compile] > Task :buildSrc:checkFormatTest FROM-CACHE
2026.10.01 13:11:32 INFO  [mbt-compile] > Task :buildSrc:checkFormat UP-TO-DATE
2026.10.01 13:11:32 INFO  [mbt-compile] > Task :buildSrc:compileJava FROM-CACHE
2026.10.01 13:11:32 INFO  [mbt-compile] > Task :buildSrc:compileGroovy NO-SOURCE
2026.10.01 13:11:32 INFO  [mbt-compile] > Task :buildSrc:pluginDescriptors
2026.10.01 13:11:32 INFO  [mbt-compile] > Task :buildSrc:processResources
2026.10.01 13:11:32 INFO  [mbt-compile] > Task :buildSrc:classes
2026.10.01 13:11:32 INFO  [mbt-compile] > Task :buildSrc:checkstyleMain FROM-CACHE
2026.10.01 13:11:32 INFO  [mbt-compile] > Task :buildSrc:compileTestJava FROM-CACHE
2026.10.01 13:11:32 INFO  [mbt-compile] > Task :buildSrc:compileTestGroovy NO-SOURCE
2026.10.01 13:11:32 INFO  [mbt-compile] > Task :buildSrc:processTestResources
2026.10.01 13:11:32 INFO  [mbt-compile] > Task :buildSrc:testClasses
2026.10.01 13:11:32 INFO  [mbt-compile] > Task :buildSrc:checkstyleTest FROM-CACHE
2026.10.01 13:11:32 INFO  [mbt-compile] > Task :buildSrc:pluginUnderTestMetadata
2026.10.01 13:11:32 INFO  [mbt-compile] > Task :buildSrc:test FROM-CACHE
2026.10.01 13:11:32 INFO  [mbt-compile] > Task :buildSrc:validatePlugins FROM-CACHE
2026.10.01 13:11:32 INFO  [mbt-compile] > Task :buildSrc:check UP-TO-DATE
2026.10.01 13:11:32 INFO  [mbt-compile] > Task :buildSrc:jar
2026.10.01 13:11:52 INFO  [mbt-compile] > Task :core:spring-boot:checkKotlinGradlePluginConfigurationErrors SKIPPED
2026.10.01 13:11:52 INFO  [mbt-compile] > Task :core:spring-boot-autoconfigure:processResources
2026.10.01 13:11:52 INFO  [mbt-compile] > Task :module:spring-boot-actuator:processResources
2026.10.01 13:11:52 INFO  [mbt-compile] > Task :core:spring-boot-test:checkKotlinGradlePluginConfigurationErrors SKIPPED
2026.10.01 13:11:52 INFO  [mbt-compile] > Task :module:spring-boot-web-server:processResources
2026.10.01 13:11:52 INFO  [mbt-compile] > Task :module:spring-boot-actuator-autoconfigure:processResources
2026.10.01 13:11:52 INFO  [mbt-compile] > Task :module:spring-boot-health:processResources
2026.10.01 13:11:52 INFO  [mbt-compile] > Task :core:spring-boot:syncJavaTemplates
2026.10.01 13:11:52 INFO  [mbt-compile] > Task :module:spring-boot-gson:processResources
2026.10.01 13:11:52 INFO  [mbt-compile] > Task :module:spring-boot-http-codec:processResources
2026.10.01 13:11:52 INFO  [mbt-compile] > Task :module:spring-boot-jackson:processResources
2026.10.01 13:11:52 INFO  [mbt-compile] > Task :module:spring-boot-jackson2:processResources
2026.10.01 13:11:52 INFO  [mbt-compile] > Task :module:spring-boot-kotlinx-serialization-json:checkKotlinGradlePluginConfigurationErrors SKIPPED
2026.10.01 13:11:52 INFO  [mbt-compile] > Task :module:spring-boot-kotlinx-serialization-json:processResources
2026.10.01 13:11:52 INFO  [mbt-compile] > Task :core:spring-boot-docker-compose:processResources
2026.10.01 13:11:52 INFO  [mbt-compile] > Task :core:spring-boot-testcontainers:processResources
2026.10.01 13:11:52 INFO  [mbt-compile] > Task :module:spring-boot-micrometer-metrics:processResources
2026.10.01 13:11:52 INFO  [mbt-compile] > Task :module:spring-boot-micrometer-observation:processResources
2026.10.01 13:11:52 INFO  [mbt-compile] > Task :module:spring-boot-opentelemetry:processResources
2026.10.01 13:11:52 INFO  [mbt-compile] > Task :module:spring-boot-reactor:processResources
2026.10.01 13:11:52 INFO  [mbt-compile] > Task :module:spring-boot-netty:processResources
2026.10.01 13:11:52 INFO  [mbt-compile] > Task :module:spring-boot-reactor-netty:processResources
2026.10.01 13:11:52 INFO  [mbt-compile] > Task :module:spring-boot-h2console:processResources
2026.10.01 13:11:52 INFO  [mbt-compile] > Task :module:spring-boot-jersey:processResources
2026.10.01 13:11:52 INFO  [mbt-compile] > Task :module:spring-boot-servlet:processResources
2026.10.01 13:11:52 INFO  [mbt-compile] > Task :module:spring-boot-rsocket:processResources
2026.10.01 13:11:52 INFO  [mbt-compile] > Task :module:spring-boot-security:processResources
2026.10.01 13:11:52 INFO  [mbt-compile] > Task :module:spring-boot-validation:processResources
2026.10.01 13:11:52 INFO  [mbt-compile] > Task :module:spring-boot-webflux:processResources
2026.10.01 13:11:53 INFO  [mbt-compile] > Task :module:spring-boot-http-converter:processResources
2026.10.01 13:11:53 INFO  [mbt-compile] > Task :module:spring-boot-tomcat:processResources
2026.10.01 13:11:53 INFO  [mbt-compile] > Task :module:spring-boot-webmvc:processResources
2026.10.01 13:11:53 INFO  [mbt-compile] > Task :module:spring-boot-webmvc-test:processResources
2026.10.01 13:11:53 INFO  [mbt-compile] > Task :module:spring-boot-security-oauth2-client:processResources
2026.10.01 13:11:53 INFO  [mbt-compile] > Task :starter:spring-boot-starter-logging:compileJava NO-SOURCE
2026.10.01 13:11:53 INFO  [mbt-compile] > Task :smoke-test:spring-boot-smoke-test-reactive-oauth2-client:processResources
2026.10.01 13:11:54 INFO  [mbt-compile] > Task :core:spring-boot-autoconfigure-processor:compileJava FROM-CACHE
2026.10.01 13:11:54 INFO  [mbt-compile] > Task :core:spring-boot-autoconfigure-processor:processResources
2026.10.01 13:11:54 INFO  [mbt-compile] > Task :core:spring-boot-autoconfigure-processor:classes
2026.10.01 13:11:54 INFO  [mbt-compile] > Task :core:spring-boot-autoconfigure-processor:extractLegalResources
2026.10.01 13:11:54 INFO  [mbt-compile] > Task :core:spring-boot-autoconfigure-processor:jar
2026.10.01 13:11:54 INFO  [mbt-compile] > Task :configuration-metadata:spring-boot-configuration-processor:compileJava FROM-CACHE
2026.10.01 13:11:54 INFO  [mbt-compile] > Task :configuration-metadata:spring-boot-configuration-processor:processResources
2026.10.01 13:11:54 INFO  [mbt-compile] > Task :configuration-metadata:spring-boot-configuration-processor:classes
2026.10.01 13:11:54 INFO  [mbt-compile] > Task :configuration-metadata:spring-boot-configuration-processor:extractLegalResources
2026.10.01 13:11:54 INFO  [mbt-compile] > Task :configuration-metadata:spring-boot-configuration-processor:jar
2026.10.01 13:11:58 INFO  [mbt-compile] > Task :core:spring-boot:compileKotlin FROM-CACHE
2026.10.01 13:11:58 INFO  [mbt-compile] > Task :core:spring-boot:processResources
2026.10.01 13:12:00 INFO  [mbt-compile] > Task :core:spring-boot:compileJava FROM-CACHE
2026.10.01 13:12:00 INFO  [mbt-compile] > Task :core:spring-boot-test:compileKotlin NO-SOURCE
2026.10.01 13:12:00 INFO  [mbt-compile] > Task :core:spring-boot-autoconfigure:compileJava FROM-CACHE
2026.10.01 13:12:00 INFO  [mbt-compile] > Task :module:spring-boot-kotlinx-serialization-json:compileKotlin NO-SOURCE
2026.10.01 13:12:01 INFO  [mbt-compile] > Task :module:spring-boot-kotlinx-serialization-json:compileJava FROM-CACHE
2026.10.01 13:12:01 INFO  [mbt-compile] > Task :core:spring-boot-docker-compose:compileJava FROM-CACHE
2026.10.01 13:12:01 INFO  [mbt-compile] > Task :module:spring-boot-reactor:compileJava FROM-CACHE
2026.10.01 13:12:01 INFO  [mbt-compile] > Task :module:spring-boot-micrometer-observation:compileJava FROM-CACHE
2026.10.01 13:12:01 INFO  [mbt-compile] > Task :module:spring-boot-netty:compileJava FROM-CACHE
2026.10.01 13:12:02 INFO  time: indexed workspace in 35s
2026.10.01 13:12:01 INFO  [mbt-compile] > Task :module:spring-boot-h2console:compileJava FROM-CACHE
2026.10.01 13:12:01 INFO  [mbt-compile] > Task :starter:spring-boot-starter:compileJava NO-SOURCE
2026.10.01 13:12:01 INFO  [mbt-compile] > Task :module:spring-boot-validation:compileJava FROM-CACHE
2026.10.01 13:12:03 INFO  [mbt-compile] > Task :core:spring-boot-test:compileJava FROM-CACHE
2026.10.01 13:12:03 INFO  [mbt-compile] > Task :core:spring-boot-test-autoconfigure:compileJava FROM-CACHE
2026.10.01 13:12:03 INFO  [mbt-compile] > Task :module:spring-boot-web-server:compileJava FROM-CACHE
2026.10.01 13:12:03 INFO  [mbt-compile] > Task :module:spring-boot-gson:compileJava FROM-CACHE
2026.10.01 13:12:03 INFO  [mbt-compile] > Task :module:spring-boot-web-server-test:compileJava FROM-CACHE
2026.10.01 13:12:03 INFO  [mbt-compile] > Task :module:spring-boot-jackson:compileJava FROM-CACHE
2026.10.01 13:12:03 INFO  [mbt-compile] > Task :module:spring-boot-jsonb:compileJava FROM-CACHE
2026.10.01 13:12:03 INFO  [mbt-compile] > Task :starter:spring-boot-starter-jackson:compileJava NO-SOURCE
2026.10.01 13:12:04 INFO  [mbt-compile] > Task :module:spring-boot-jackson2:compileJava FROM-CACHE
2026.10.01 13:12:04 INFO  [mbt-compile] > Task :module:spring-boot-http-converter:compileJava FROM-CACHE
2026.10.01 13:12:04 INFO  [mbt-compile] > Task :module:spring-boot-http-codec:compileJava FROM-CACHE
2026.10.01 13:12:04 INFO  [mbt-compile] > Task :module:spring-boot-webtestclient:compileJava FROM-CACHE
2026.10.01 13:12:04 INFO  [mbt-compile] > Task :core:spring-boot-testcontainers:compileJava FROM-CACHE
2026.10.01 13:12:04 INFO  [mbt-compile] > Task :module:spring-boot-opentelemetry:compileJava FROM-CACHE
2026.10.01 13:12:05 INFO  [mbt-compile] > Task :module:spring-boot-actuator:compileJava FROM-CACHE
2026.10.01 13:12:05 INFO  [mbt-compile] > Task :module:spring-boot-actuator-autoconfigure:compileJava FROM-CACHE
2026.10.01 13:12:05 INFO  [mbt-compile] > Task :module:spring-boot-reactor-netty:compileJava FROM-CACHE
2026.10.01 13:12:05 INFO  [mbt-compile] > Task :module:spring-boot-servlet:compileJava FROM-CACHE
2026.10.01 13:12:05 INFO  [mbt-compile] > Task :starter:spring-boot-starter-reactor-netty:compileJava NO-SOURCE
2026.10.01 13:12:05 INFO  [mbt-compile] > Task :module:spring-boot-health:compileJava FROM-CACHE
2026.10.01 13:12:05 INFO  [mbt-compile] > Task :module:spring-boot-rsocket:compileJava FROM-CACHE
2026.10.01 13:12:07 INFO  [mbt-compile] > Task :module:spring-boot-micrometer-metrics:compileJava FROM-CACHE
2026.10.01 13:12:07 INFO  [mbt-compile] > Task :starter:spring-boot-starter-micrometer-metrics:compileJava NO-SOURCE
2026.10.01 13:12:07 INFO  [mbt-compile] > Task :starter:spring-boot-starter-actuator:compileJava NO-SOURCE
2026.10.01 13:12:07 INFO  [mbt-compile] > Task :module:spring-boot-webflux:compileJava FROM-CACHE
2026.10.01 13:12:07 INFO  [mbt-compile] > Task :starter:spring-boot-starter-webflux:compileJava NO-SOURCE
2026.10.01 13:12:07 INFO  [mbt-compile] > Task :module:spring-boot-jersey:compileJava FROM-CACHE
2026.10.01 13:12:07 INFO  [mbt-compile] > Task :module:spring-boot-webflux-test:compileJava FROM-CACHE
2026.10.01 13:12:07 INFO  [mbt-compile] > Task :module:spring-boot-tomcat:compileJava FROM-CACHE
2026.10.01 13:12:07 INFO  [mbt-compile] > Task :module:spring-boot-webmvc:compileJava FROM-CACHE
2026.10.01 13:12:07 INFO  [mbt-compile] > Task :module:spring-boot-webmvc-test:compileJava FROM-CACHE
2026.10.01 13:12:07 INFO  [mbt-compile] > Task :module:spring-boot-security:compileJava FROM-CACHE
2026.10.01 13:12:07 INFO  [mbt-compile] > Task :starter:spring-boot-starter-security:compileJava NO-SOURCE
2026.10.01 13:12:07 INFO  [mbt-compile] > Task :module:spring-boot-security-oauth2-client:compileJava FROM-CACHE
2026.10.01 13:12:07 INFO  [mbt-compile] > Task :starter:spring-boot-starter-security-oauth2-client:compileJava NO-SOURCE
2026.10.01 13:12:08 INFO  [mbt-compile] > Task :smoke-test:spring-boot-smoke-test-reactive-oauth2-client:compileJava FROM-CACHE
2026.10.01 13:12:08 INFO  [mbt-compile] > Task :smoke-test:spring-boot-smoke-test-reactive-oauth2-client:classes
2026.10.01 13:12:08 INFO  [mbt-compile] gradle/actions: Writing build results to /home/runner/work/_temp/.gradle-actions/build-results/__run_3-1790860291010.json
2026.10.01 13:12:08 INFO  [mbt-compile] 
2026.10.01 13:12:08 INFO  [mbt-compile] [Incubating] Problems report is available at: file:///home/runner/work/metals-community-build/metals-community-build/workspaces/project/build/reports/problems/problems-report.html
2026.10.01 13:12:08 INFO  [mbt-compile] 
2026.10.01 13:12:08 INFO  [mbt-compile] Deprecated Gradle features were used in this build, making it incompatible with Gradle 10.
2026.10.01 13:12:08 INFO  [mbt-compile] 
2026.10.01 13:12:08 INFO  [mbt-compile] You can use '--warning-mode all' to show the individual deprecation warnings and determine if they come from your own scripts or plugins.
2026.10.01 13:12:08 INFO  [mbt-compile] 
2026.10.01 13:12:08 INFO  [mbt-compile] For more on this, please refer to https://docs.gradle.org/9.7.0/userguide/command_line_interface.html#sec:command_line_warnings in the Gradle documentation.
2026.10.01 13:12:08 INFO  [mbt-compile] 
2026.10.01 13:12:08 INFO  [mbt-compile] BUILD SUCCESSFUL in 39s
2026.10.01 13:12:08 INFO  [mbt-compile] 97 actionable tasks: 47 executed, 50 from cache
2026.10.01 13:12:08 INFO  [mbt-compile] Consider enabling configuration cache to speed up this build: https://docs.gradle.org/9.7.0/userguide/configuration_cache_enabling.html
2026.10.01 13:12:09 INFO  Starting debug session without debugging
2026.10.01 13:12:09 INFO  MBT compile via gradle: /home/runner/work/metals-community-build/metals-community-build/workspaces/project/gradlew
2026.10.01 13:12:09 INFO  > Task :plugins:cycle-detection-plugin:compileJava UP-TO-DATE
2026.10.01 13:12:09 INFO  > Task :plugins:cycle-detection-plugin:pluginDescriptors UP-TO-DATE
2026.10.01 13:12:09 INFO  > Task :plugins:cycle-detection-plugin:processResources UP-TO-DATE
2026.10.01 13:12:09 INFO  > Task :plugins:cycle-detection-plugin:classes UP-TO-DATE
2026.10.01 13:12:09 INFO  > Task :plugins:cycle-detection-plugin:jar UP-TO-DATE
2026.10.01 13:12:09 INFO  > Task :buildSrc:checkFormatMain UP-TO-DATE
2026.10.01 13:12:09 INFO  > Task :buildSrc:checkFormatTest UP-TO-DATE
2026.10.01 13:12:09 INFO  > Task :buildSrc:checkFormat UP-TO-DATE
2026.10.01 13:12:09 INFO  > Task :buildSrc:compileJava UP-TO-DATE
2026.10.01 13:12:09 INFO  > Task :buildSrc:compileGroovy NO-SOURCE
2026.10.01 13:12:09 INFO  > Task :buildSrc:pluginDescriptors UP-TO-DATE
2026.10.01 13:12:09 INFO  > Task :buildSrc:processResources UP-TO-DATE
2026.10.01 13:12:09 INFO  > Task :buildSrc:classes UP-TO-DATE
2026.10.01 13:12:09 INFO  > Task :buildSrc:checkstyleMain UP-TO-DATE
2026.10.01 13:12:09 INFO  > Task :buildSrc:compileTestJava UP-TO-DATE
2026.10.01 13:12:09 INFO  > Task :buildSrc:compileTestGroovy NO-SOURCE
2026.10.01 13:12:09 INFO  > Task :buildSrc:processTestResources UP-TO-DATE
2026.10.01 13:12:09 INFO  > Task :buildSrc:testClasses UP-TO-DATE
2026.10.01 13:12:09 INFO  > Task :buildSrc:checkstyleTest UP-TO-DATE
2026.10.01 13:12:09 INFO  > Task :buildSrc:pluginUnderTestMetadata UP-TO-DATE
2026.10.01 13:12:09 INFO  > Task :buildSrc:test UP-TO-DATE
2026.10.01 13:12:09 INFO  > Task :buildSrc:validatePlugins UP-TO-DATE
2026.10.01 13:12:09 INFO  > Task :buildSrc:check UP-TO-DATE
2026.10.01 13:12:09 INFO  > Task :buildSrc:jar UP-TO-DATE
2026.10.01 13:12:15 INFO  > Task :core:spring-boot:checkKotlinGradlePluginConfigurationErrors SKIPPED
2026.10.01 13:12:15 INFO  > Task :core:spring-boot:syncJavaTemplates UP-TO-DATE
2026.10.01 13:12:15 INFO  > Task :core:spring-boot-autoconfigure:processResources UP-TO-DATE
2026.10.01 13:12:15 INFO  > Task :module:spring-boot-actuator:processResources UP-TO-DATE
2026.10.01 13:12:15 INFO  > Task :core:spring-boot-test:checkKotlinGradlePluginConfigurationErrors SKIPPED
2026.10.01 13:12:15 INFO  > Task :module:spring-boot-web-server:processResources UP-TO-DATE
2026.10.01 13:12:15 INFO  > Task :module:spring-boot-actuator-autoconfigure:processResources UP-TO-DATE
2026.10.01 13:12:15 INFO  > Task :module:spring-boot-health:processResources UP-TO-DATE
2026.10.01 13:12:15 INFO  > Task :module:spring-boot-gson:processResources UP-TO-DATE
2026.10.01 13:12:15 INFO  > Task :module:spring-boot-http-codec:processResources UP-TO-DATE
2026.10.01 13:12:15 INFO  > Task :module:spring-boot-jackson:processResources UP-TO-DATE
2026.10.01 13:12:15 INFO  > Task :module:spring-boot-jackson2:processResources UP-TO-DATE
2026.10.01 13:12:15 INFO  > Task :module:spring-boot-kotlinx-serialization-json:checkKotlinGradlePluginConfigurationErrors SKIPPED
2026.10.01 13:12:15 INFO  > Task :module:spring-boot-kotlinx-serialization-json:processResources UP-TO-DATE
2026.10.01 13:12:15 INFO  > Task :core:spring-boot-docker-compose:processResources UP-TO-DATE
2026.10.01 13:12:15 INFO  > Task :core:spring-boot-testcontainers:processResources UP-TO-DATE
2026.10.01 13:12:15 INFO  > Task :module:spring-boot-micrometer-metrics:processResources UP-TO-DATE
2026.10.01 13:12:15 INFO  > Task :module:spring-boot-micrometer-observation:processResources UP-TO-DATE
2026.10.01 13:12:15 INFO  > Task :core:spring-boot-autoconfigure-processor:compileJava UP-TO-DATE
2026.10.01 13:12:15 INFO  > Task :module:spring-boot-opentelemetry:processResources UP-TO-DATE
2026.10.01 13:12:15 INFO  > Task :configuration-metadata:spring-boot-configuration-processor:compileJava UP-TO-DATE
2026.10.01 13:12:15 INFO  > Task :core:spring-boot-autoconfigure-processor:processResources UP-TO-DATE
2026.10.01 13:12:15 INFO  > Task :core:spring-boot-autoconfigure-processor:classes UP-TO-DATE
2026.10.01 13:12:15 INFO  > Task :configuration-metadata:spring-boot-configuration-processor:processResources UP-TO-DATE
2026.10.01 13:12:15 INFO  > Task :module:spring-boot-reactor:processResources UP-TO-DATE
2026.10.01 13:12:15 INFO  > Task :configuration-metadata:spring-boot-configuration-processor:classes UP-TO-DATE
2026.10.01 13:12:15 INFO  > Task :core:spring-boot-autoconfigure-processor:extractLegalResources UP-TO-DATE
2026.10.01 13:12:15 INFO  > Task :core:spring-boot-autoconfigure-processor:jar UP-TO-DATE
2026.10.01 13:12:15 INFO  > Task :module:spring-boot-netty:processResources UP-TO-DATE
2026.10.01 13:12:15 INFO  > Task :configuration-metadata:spring-boot-configuration-processor:extractLegalResources UP-TO-DATE
2026.10.01 13:12:15 INFO  > Task :module:spring-boot-reactor-netty:processResources UP-TO-DATE
2026.10.01 13:12:15 INFO  > Task :module:spring-boot-jersey:processResources UP-TO-DATE
2026.10.01 13:12:15 INFO  > Task :module:spring-boot-h2console:processResources UP-TO-DATE
2026.10.01 13:12:15 INFO  > Task :configuration-metadata:spring-boot-configuration-processor:jar UP-TO-DATE
2026.10.01 13:12:15 INFO  > Task :module:spring-boot-rsocket:processResources UP-TO-DATE
2026.10.01 13:12:15 INFO  > Task :module:spring-boot-security:processResources UP-TO-DATE
2026.10.01 13:12:15 INFO  > Task :module:spring-boot-validation:processResources UP-TO-DATE
2026.10.01 13:12:15 INFO  > Task :module:spring-boot-servlet:processResources UP-TO-DATE
2026.10.01 13:12:15 INFO  > Task :module:spring-boot-webflux:processResources UP-TO-DATE
2026.10.01 13:12:15 INFO  > Task :module:spring-boot-http-converter:processResources UP-TO-DATE
2026.10.01 13:12:15 INFO  > Task :module:spring-boot-tomcat:processResources UP-TO-DATE
2026.10.01 13:12:15 INFO  > Task :module:spring-boot-webmvc:processResources UP-TO-DATE
2026.10.01 13:12:15 INFO  > Task :starter:spring-boot-starter-logging:compileJava NO-SOURCE
2026.10.01 13:12:15 INFO  > Task :module:spring-boot-webmvc-test:processResources UP-TO-DATE
2026.10.01 13:12:15 INFO  > Task :module:spring-boot-security-oauth2-client:processResources UP-TO-DATE
2026.10.01 13:12:15 INFO  > Task :smoke-test:spring-boot-smoke-test-reactive-oauth2-client:processResources UP-TO-DATE
2026.10.01 13:12:15 INFO  > Task :core:spring-boot:compileKotlin UP-TO-DATE
2026.10.01 13:12:15 INFO  > Task :core:spring-boot:processResources UP-TO-DATE
2026.10.01 13:12:15 INFO  > Task :core:spring-boot:compileJava UP-TO-DATE
2026.10.01 13:12:15 INFO  > Task :core:spring-boot-test:compileKotlin NO-SOURCE
2026.10.01 13:12:15 INFO  > Task :core:spring-boot-autoconfigure:compileJava UP-TO-DATE
2026.10.01 13:12:15 INFO  > Task :module:spring-boot-kotlinx-serialization-json:compileKotlin NO-SOURCE
2026.10.01 13:12:15 INFO  > Task :core:spring-boot-docker-compose:compileJava UP-TO-DATE
2026.10.01 13:12:15 INFO  > Task :module:spring-boot-micrometer-observation:compileJava UP-TO-DATE
2026.10.01 13:12:15 INFO  > Task :module:spring-boot-kotlinx-serialization-json:compileJava UP-TO-DATE
2026.10.01 13:12:15 INFO  > Task :module:spring-boot-netty:compileJava UP-TO-DATE
2026.10.01 13:12:15 INFO  > Task :core:spring-boot-testcontainers:compileJava UP-TO-DATE
2026.10.01 13:12:15 INFO  > Task :core:spring-boot-test:compileJava UP-TO-DATE
2026.10.01 13:12:15 INFO  > Task :module:spring-boot-reactor:compileJava UP-TO-DATE
2026.10.01 13:12:15 INFO  > Task :module:spring-boot-h2console:compileJava UP-TO-DATE
2026.10.01 13:12:15 INFO  > Task :core:spring-boot-test-autoconfigure:compileJava UP-TO-DATE
2026.10.01 13:12:15 INFO  > Task :module:spring-boot-web-server:compileJava UP-TO-DATE
2026.10.01 13:12:15 INFO  > Task :module:spring-boot-opentelemetry:compileJava UP-TO-DATE
2026.10.01 13:12:15 INFO  > Task :module:spring-boot-gson:compileJava UP-TO-DATE
2026.10.01 13:12:15 INFO  > Task :module:spring-boot-validation:compileJava UP-TO-DATE
2026.10.01 13:12:15 INFO  > Task :module:spring-boot-jackson:compileJava UP-TO-DATE
2026.10.01 13:12:15 INFO  > Task :module:spring-boot-web-server-test:compileJava UP-TO-DATE
2026.10.01 13:12:15 INFO  > Task :starter:spring-boot-starter:compileJava NO-SOURCE
2026.10.01 13:12:15 INFO  > Task :starter:spring-boot-starter-jackson:compileJava NO-SOURCE
2026.10.01 13:12:15 INFO  > Task :module:spring-boot-jsonb:compileJava UP-TO-DATE
2026.10.01 13:12:15 INFO  > Task :module:spring-boot-jackson2:compileJava UP-TO-DATE
2026.10.01 13:12:15 INFO  > Task :module:spring-boot-actuator:compileJava UP-TO-DATE
2026.10.01 13:12:15 INFO  > Task :module:spring-boot-http-codec:compileJava UP-TO-DATE
2026.10.01 13:12:15 INFO  > Task :module:spring-boot-http-converter:compileJava UP-TO-DATE
2026.10.01 13:12:15 INFO  > Task :module:spring-boot-webtestclient:compileJava UP-TO-DATE
2026.10.01 13:12:15 INFO  > Task :module:spring-boot-actuator-autoconfigure:compileJava UP-TO-DATE
2026.10.01 13:12:15 INFO  > Task :module:spring-boot-health:compileJava UP-TO-DATE
2026.10.01 13:12:15 INFO  > Task :module:spring-boot-reactor-netty:compileJava UP-TO-DATE
2026.10.01 13:12:15 INFO  > Task :module:spring-boot-servlet:compileJava UP-TO-DATE
2026.10.01 13:12:15 INFO  > Task :starter:spring-boot-starter-reactor-netty:compileJava NO-SOURCE
2026.10.01 13:12:15 INFO  > Task :module:spring-boot-rsocket:compileJava UP-TO-DATE
2026.10.01 13:12:15 INFO  > Task :module:spring-boot-micrometer-metrics:compileJava UP-TO-DATE
2026.10.01 13:12:15 INFO  > Task :starter:spring-boot-starter-micrometer-metrics:compileJava NO-SOURCE
2026.10.01 13:12:15 INFO  > Task :starter:spring-boot-starter-actuator:compileJava NO-SOURCE
2026.10.01 13:12:15 INFO  > Task :module:spring-boot-tomcat:compileJava UP-TO-DATE
2026.10.01 13:12:15 INFO  > Task :module:spring-boot-webflux:compileJava UP-TO-DATE
2026.10.01 13:12:15 INFO  > Task :starter:spring-boot-starter-webflux:compileJava NO-SOURCE
2026.10.01 13:12:15 INFO  > Task :module:spring-boot-jersey:compileJava UP-TO-DATE
2026.10.01 13:12:15 INFO  > Task :module:spring-boot-webflux-test:compileJava UP-TO-DATE
2026.10.01 13:12:15 INFO  > Task :module:spring-boot-webmvc:compileJava UP-TO-DATE
2026.10.01 13:12:15 INFO  > Task :module:spring-boot-webmvc-test:compileJava UP-TO-DATE
2026.10.01 13:12:15 INFO  > Task :module:spring-boot-security:compileJava UP-TO-DATE
2026.10.01 13:12:15 INFO  > Task :starter:spring-boot-starter-security:compileJava NO-SOURCE
2026.10.01 13:12:15 INFO  > Task :module:spring-boot-security-oauth2-client:compileJava UP-TO-DATE
2026.10.01 13:12:15 INFO  > Task :starter:spring-boot-starter-security-oauth2-client:compileJava NO-SOURCE
2026.10.01 13:12:15 INFO  > Task :smoke-test:spring-boot-smoke-test-reactive-oauth2-client:compileJava UP-TO-DATE
2026.10.01 13:12:15 INFO  > Task :smoke-test:spring-boot-smoke-test-reactive-oauth2-client:classes UP-TO-DATE
2026.10.01 13:12:15 INFO  gradle/actions: Writing build results to /home/runner/work/_temp/.gradle-actions/build-results/__run_3-1790860329784.json
2026.10.01 13:12:15 INFO  
2026.10.01 13:12:15 INFO  [Incubating] Problems report is available at: file:///home/runner/work/metals-community-build/metals-community-build/workspaces/project/build/reports/problems/problems-report.html
2026.10.01 13:12:15 INFO  
2026.10.01 13:12:15 INFO  Deprecated Gradle features were used in this build, making it incompatible with Gradle 10.
2026.10.01 13:12:15 INFO  
2026.10.01 13:12:15 INFO  You can use '--warning-mode all' to show the individual deprecation warnings and determine if they come from your own scripts or plugins.
2026.10.01 13:12:15 INFO  
2026.10.01 13:12:15 INFO  For more on this, please refer to https://docs.gradle.org/9.7.0/userguide/command_line_interface.html#sec:command_line_warnings in the Gradle documentation.
2026.10.01 13:12:15 INFO  
2026.10.01 13:12:15 INFO  BUILD SUCCESSFUL in 6s
2026.10.01 13:12:15 INFO  97 actionable tasks: 97 up-to-date
2026.10.01 13:12:15 INFO  Consider enabling configuration cache to speed up this build: https://docs.gradle.org/9.7.0/userguide/configuration_cache_enabling.html
2026.10.01 13:12:16 WARN  MBT does not support `buildTarget/jvmRunEnvironment`, unable to fetch run environment.
2026.10.01 13:12:16 INFO  MBT debug session via gradle: /home/runner/work/metals-community-build/metals-community-build/workspaces/project/gradlew
2026.10.01 13:12:16 INFO  Tracing is disabled for protocol dap-server. To enable tracing of incoming and outgoing JSON messages, create an empty file at /home/runner/work/metals-community-build/metals-community-build/workspaces/project/.metals/dap-server.trace.json or /home/runner/.cache/metals/dap-server.trace.json
2026.10.01 13:12:16 INFO  Tracing is disabled for protocol dap-client. To enable tracing of incoming and outgoing JSON messages, create an empty file at /home/runner/work/metals-community-build/metals-community-build/workspaces/project/.metals/dap-client.trace.json or /home/runner/.cache/metals/dap-client.trace.json
2026.10.01 13:12:16 INFO  Starting debug proxy for [smoketest.oauth2.client.SampleReactiveOAuth2ClientApplication]
2026.10.01 13:12:16 INFO  Initialized Scala 3 decoder in 3 milliseconds
2026.10.01 13:12:22 INFO  Trying to attach to remote debuggee VM localhost:50459 .
2026.10.01 13:12:22 INFO  Attaching to debuggee VM succeeded.
2026.10.01 13:12:26 ERROR WARNING: A restricted method in java.lang.System has been called
2026.10.01 13:12:26 ERROR WARNING: java.lang.System::loadLibrary has been called by io.netty.util.internal.NativeLibraryUtil in an unnamed module (file:/home/runner/.gradle/caches/modules-2/files-2.1/io.netty/netty-common/4.2.18.Final/aa06ef3310c8ad1e506ec14ab3794f9e26438121/netty-common-4.2.18.Final.jar)
2026.10.01 13:12:26 ERROR WARNING: Use --enable-native-access=ALL-UNNAMED to avoid a warning for callers in this module
2026.10.01 13:12:26 ERROR WARNING: Restricted methods will be blocked in a future release unless native access is enabled
2026.10.01 13:12:26 ERROR 
2026.10.01 13:12:29 INFO  Canceling debug proxy for [smoketest.oauth2.client.SampleReactiveOAuth2ClientApplication]
2026.10.01 13:12:29 INFO  Closing debug server tcp://0.0.0.0:44629
2026.10.01 13:12:30 INFO  Shutting down server
2026.10.01 13:12:30 INFO  Memory monitor stopped
2026.10.01 13:12:30 INFO  shutting down Metals
2026.10.01 13:12:30 INFO  Shut down connection with build server.
2026.10.01 13:12:30 INFO  Exiting server
